Component: ARM Compiler 6.16 Tool: armlink [5dfeaa00]

==============================================================================

Section Cross References

    irq.o(.text.SysTick_HandlerIRQ) refers to irq.o(.bss.SysTick_HandlerIRQ.ticks) for SysTick_HandlerIRQ.ticks
    irq.o(.text.SysTick_HandlerIRQ) refers to irq.o(.bss.clock_1s) for clock_1s
    irq.o(.text.SysTick_HandlerIRQ) refers to irq.o(.bss.SysTick_HandlerIRQ.timetick) for SysTick_HandlerIRQ.timetick
    irq.o(.text.SysTick_HandlerIRQ) refers to projectmain.o(.bss.ADC_last) for ADC_last
    irq.o(.text.SysTick_HandlerIRQ) refers to irq.o(.data.SysTick_HandlerIRQ.leds) for SysTick_HandlerIRQ.leds
    irq.o(.text.SysTick_HandlerIRQ) refers to led_mcb1700.o(.text.LED_SetOut) for LED_SetOut
    irq.o(.text.SysTick_HandlerIRQ) refers to led_mcb1700.o(.text.LED_GetCount) for LED_GetCount
    irq.o(.text.SysTick_HandlerIRQ) refers to adc_mcb1700.o(.text.ADC_StartConversion) for ADC_StartConversion
    irq.o(.ARM.exidx.text.SysTick_HandlerIRQ) refers to irq.o(.text.SysTick_HandlerIRQ) for [Anonymous Symbol]
    projectmain.o(.ARM.exidx.text.fputc) refers to projectmain.o(.text.fputc) for [Anonymous Symbol]
    projectmain.o(.text.delay) refers to putchar.o(i.putchar) for putchar
    projectmain.o(.text.delay) refers to puts.o(i.puts) for puts
    projectmain.o(.ARM.exidx.text.delay) refers to projectmain.o(.text.delay) for [Anonymous Symbol]
    projectmain.o(.text.terminate) refers to puts.o(i.puts) for puts
    projectmain.o(.text.terminate) refers to projectmain.o(.text.delay) for delay
    projectmain.o(.text.terminate) refers to projectmain.o(.data.running) for running
    projectmain.o(.ARM.exidx.text.terminate) refers to projectmain.o(.text.terminate) for [Anonymous Symbol]
    projectmain.o(.text.invalidEntry) refers to projectmain.o(.bss.scanIn) for scanIn
    projectmain.o(.text.invalidEntry) refers to printfa.o(i.__0printf) for __2printf
    projectmain.o(.text.invalidEntry) refers to projectmain.o(.bss.taskChosenYet) for taskChosenYet
    projectmain.o(.ARM.exidx.text.invalidEntry) refers to projectmain.o(.text.invalidEntry) for [Anonymous Symbol]
    projectmain.o(.text.printJALL) refers to projectmain.o(.rodata.str1.1) for .L.str.4
    projectmain.o(.text.printJALL) refers to printfa.o(i.__0printf) for __2printf
    projectmain.o(.ARM.exidx.text.printJALL) refers to projectmain.o(.text.printJALL) for [Anonymous Symbol]
    projectmain.o(.text.hexAssoc) refers to projectmain.o(.bss.hexCode) for hexCode
    projectmain.o(.ARM.exidx.text.hexAssoc) refers to projectmain.o(.text.hexAssoc) for [Anonymous Symbol]
    projectmain.o(.text.planetAssoc) refers to projectmain.o(.bss.planetNumMain) for planetNumMain
    projectmain.o(.ARM.exidx.text.planetAssoc) refers to projectmain.o(.text.planetAssoc) for [Anonymous Symbol]
    projectmain.o(.text.repeatEntriesTask1) refers to projectmain.o(.bss.taskOneInput) for taskOneInput
    projectmain.o(.text.repeatEntriesTask1) refers to printfa.o(i.__0printf) for __2printf
    projectmain.o(.ARM.exidx.text.repeatEntriesTask1) refers to projectmain.o(.text.repeatEntriesTask1) for [Anonymous Symbol]
    projectmain.o(.text.repeatEntriesTask2) refers to printfa.o(i.__0printf) for __2printf
    projectmain.o(.text.repeatEntriesTask2) refers to putchar.o(i.putchar) for putchar
    projectmain.o(.ARM.exidx.text.repeatEntriesTask2) refers to projectmain.o(.text.repeatEntriesTask2) for [Anonymous Symbol]
    projectmain.o(.text.repeatEntriesTask3) refers to printfa.o(i.__0printf) for __2printf
    projectmain.o(.text.repeatEntriesTask3) refers to putchar.o(i.putchar) for putchar
    projectmain.o(.ARM.exidx.text.repeatEntriesTask3) refers to projectmain.o(.text.repeatEntriesTask3) for [Anonymous Symbol]
    projectmain.o(.text.repeatEntriesTask4) refers to printfa.o(i.__0printf) for __2printf
    projectmain.o(.text.repeatEntriesTask4) refers to putchar.o(i.putchar) for putchar
    projectmain.o(.ARM.exidx.text.repeatEntriesTask4) refers to projectmain.o(.text.repeatEntriesTask4) for [Anonymous Symbol]
    projectmain.o(.text.scanTask1) refers to projectmain.o(.rodata.str1.1) for .Lstr.52
    projectmain.o(.text.scanTask1) refers to puts.o(i.puts) for puts
    projectmain.o(.text.scanTask1) refers to projectmain.o(.text.delay) for delay
    projectmain.o(.text.scanTask1) refers to joystickfiles.o(.text.joystickGetPos) for joystickGetPos
    projectmain.o(.text.scanTask1) refers to projectmain.o(.bss.taskOneInput) for taskOneInput
    projectmain.o(.ARM.exidx.text.scanTask1) refers to projectmain.o(.text.scanTask1) for [Anonymous Symbol]
    projectmain.o(.text.scanTask2) refers to projectmain.o(.rodata.str1.1) for .Lstr.53
    projectmain.o(.text.scanTask2) refers to puts.o(i.puts) for puts
    projectmain.o(.text.scanTask2) refers to projectmain.o(.text.delay) for delay
[...]
    i.osSemaphoreRelease                     0x00002e10   Section        0  rt_cmsis.o(i.osSemaphoreRelease)
    i.osSemaphoreWait                        0x00002e28   Section        0  rt_cmsis.o(i.osSemaphoreWait)
    i.osThreadCreate                         0x00002e40   Section        0  rt_cmsis.o(i.osThreadCreate)
    i.osThreadExit                           0x00002e6c   Section        0  rt_cmsis.o(i.osThreadExit)
    i.osTimerCall                            0x00002e84   Section        0  rt_cmsis.o(i.osTimerCall)
    i.osTimerThread                          0x00002e90   Section        0  rt_cmsis.o(i.osTimerThread)
    i.os_tick_init                           0x00002ebc   Section        0  rt_system.o(i.os_tick_init)
    i.os_tick_irqack                         0x00002ee4   Section        0  rt_system.o(i.os_tick_irqack)
    i.putchar                                0x00002ee8   Section        0  putchar.o(i.putchar)
    i.puts                                   0x00002ef4   Section        0  puts.o(i.puts)
    i.rt_alloc_box                           0x00002f18   Section        0  rt_membox.o(i.rt_alloc_box)
    i.rt_alloc_mem                           0x00002f32   Section        0  rt_memory.o(i.rt_alloc_mem)
    i.rt_block                               0x00002f70   Section        0  rt_task.o(i.rt_block)
    i.rt_dec_dly                             0x00002fa8   Section        0  rt_list.o(i.rt_dec_dly)
    i.rt_dispatch                            0x00003018   Section        0  rt_task.o(i.rt_dispatch)
    i.rt_dly_wait                            0x0000305c   Section        0  rt_time.o(i.rt_dly_wait)
    i.rt_evt_psh                             0x00003064   Section        0  rt_event.o(i.rt_evt_psh)
    i.rt_free_box                            0x000030b4   Section        0  rt_membox.o(i.rt_free_box)
    i.rt_free_mem                            0x000030e0   Section        0  rt_memory.o(i.rt_free_mem)
    i.rt_get_first                           0x00003108   Section        0  rt_list.o(i.rt_get_first)
    rt_id2obj                                0x00003131   Thumb Code     8  rt_cmsis.o(i.rt_id2obj)
    i.rt_id2obj                              0x00003130   Section        0  rt_cmsis.o(i.rt_id2obj)
    rt_init_context                          0x00003139   Thumb Code    66  rt_task.o(i.rt_init_context)
    i.rt_init_context                        0x00003138   Section        0  rt_task.o(i.rt_init_context)
    i.rt_init_mem                            0x00003180   Section        0  rt_memory.o(i.rt_init_mem)
    i.rt_init_stack                          0x0000319c   Section        0  hal_cm.o(i.rt_init_stack)
    i.rt_mbx_check                           0x0000321c   Section        0  rt_mailbox.o(i.rt_mbx_check)
    i.rt_mbx_init                            0x00003224   Section        0  rt_mailbox.o(i.rt_mbx_init)
    i.rt_mbx_psh                             0x00003240   Section        0  rt_mailbox.o(i.rt_mbx_psh)
    i.rt_mbx_wait                            0x00003330   Section        0  rt_mailbox.o(i.rt_mbx_wait)
    rt_ms2tick                               0x000033e5   Thumb Code    58  rt_cmsis.o(i.rt_ms2tick)
    i.rt_ms2tick                             0x000033e4   Section        0  rt_cmsis.o(i.rt_ms2tick)
    i.rt_mut_init                            0x00003428   Section        0  rt_mutex.o(i.rt_mut_init)
    i.rt_mut_release                         0x00003438   Section        0  rt_mutex.o(i.rt_mut_release)
    i.rt_mut_wait                            0x00003510   Section        0  rt_mutex.o(i.rt_mut_wait)
    i.rt_pop_req                             0x00003588   Section        0  rt_system.o(i.rt_pop_req)
    i.rt_psh_req                             0x00003604   Section        0  rt_system.o(i.rt_psh_req)
    i.rt_psq_enq                             0x00003624   Section        0  rt_list.o(i.rt_psq_enq)
    i.rt_put_dly                             0x00003680   Section        0  rt_list.o(i.rt_put_dly)
    i.rt_put_prio                            0x000036c8   Section        0  rt_list.o(i.rt_put_prio)
    i.rt_put_rdy_first                       0x00003700   Section        0  rt_list.o(i.rt_put_rdy_first)
    i.rt_resort_prio                         0x00003714   Section        0  rt_list.o(i.rt_resort_prio)
    i.rt_ret_val                             0x00003748   Section        0  hal_cm.o(i.rt_ret_val)
    i.rt_ret_val2                            0x0000374e   Section        0  hal_cm.o(i.rt_ret_val2)
    i.rt_rmv_dly                             0x00003756   Section        0  rt_list.o(i.rt_rmv_dly)
    i.rt_rmv_list                            0x00003780   Section        0  rt_list.o(i.rt_rmv_list)
    i.rt_sem_init                            0x000037b0   Section        0  rt_semaphore.o(i.rt_sem_init)
    i.rt_sem_psh                             0x000037bc   Section        0  rt_semaphore.o(i.rt_sem_psh)
    i.rt_sem_send                            0x000037f0   Section        0  rt_semaphore.o(i.rt_sem_send)
    i.rt_sem_wait                            0x0000381c   Section        0  rt_semaphore.o(i.rt_sem_wait)
    i.rt_stk_check                           0x0000385c   Section        0  rt_system.o(i.rt_stk_check)
    i.rt_switch_req                          0x00003880   Section        0  rt_task.o(i.rt_switch_req)
    i.rt_sys_init                            0x000038a8   Section        0  rt_task.o(i.rt_sys_init)
    i.rt_sys_start                           0x00003974   Section        0  rt_task.o(i.rt_sys_start)
    i.rt_systick                             0x000039ec   Section        0  rt_system.o(i.rt_systick)
    rt_tid2ptcb                              0x00003a2d   Thumb Code    18  rt_cmsis.o(i.rt_tid2ptcb)
    i.rt_tid2ptcb                            0x00003a2c   Section        0  rt_cmsis.o(i.rt_tid2ptcb)
    rt_timer_insert                          0x00003a41   Thumb Code    48  rt_cmsis.o(i.rt_timer_insert)
    i.rt_timer_insert                        0x00003a40   Section        0  rt_cmsis.o(i.rt_timer_insert)
    i.rt_tsk_create                          0x00003a74   Section        0  rt_task.o(i.rt_tsk_create)
    i.rt_tsk_delete                          0x00003afc   Section        0  rt_task.o(i.rt_tsk_delete)
    i.rt_tsk_prio                            0x00003c78   Section        0  rt_task.o(i.rt_tsk_prio)
    i.rt_tsk_self                            0x00003cf4   Section        0  rt_task.o(i.rt_tsk_self)
    i.sqrt                                   0x00003d04   Section        0  sqrt.o(i.sqrt)
    i.svcDelay                               0x00003d50   Section        0  rt_cmsis.o(i.svcDelay)
    i.svcKernelInitialize                    0x00003d64   Section        0  rt_cmsis.o(i.svcKernelInitialize)
    i.svcKernelStart                         0x00003dd4   Section        0  rt_cmsis.o(i.svcKernelStart)
    i.svcMessageCreate                       0x00003e1c   Section        0  rt_cmsis.o(i.svcMessageCreate)
    i.svcMessageGet                          0x00003e40   Section        0  rt_cmsis.o(i.svcMessageGet)
    i.svcMutexCreate                         0x00003e7a   Section        0  rt_cmsis.o(i.svcMutexCreate)
    i.svcMutexRelease                        0x00003e96   Section        0  rt_cmsis.o(i.svcMutexRelease)
    i.svcMutexWait                           0x00003eb8   Section        0  rt_cmsis.o(i.svcMutexWait)
    i.svcSemaphoreCreate                     0x00003ef2   Section        0  rt_cmsis.o(i.svcSemaphoreCreate)
    i.svcSemaphoreRelease                    0x00003f16   Section        0  rt_cmsis.o(i.svcSemaphoreRelease)
    i.svcSemaphoreWait                       0x00003f3e   Section        0  rt_cmsis.o(i.svcSemaphoreWait)
    i.svcThreadCreate                        0x00003f70   Section        0  rt_cmsis.o(i.svcThreadCreate)
    i.svcThreadGetId                         0x00003fdc   Section        0  rt_cmsis.o(i.svcThreadGetId)
    i.svcThreadTerminate                     0x00003ff8   Section        0  rt_cmsis.o(i.svcThreadTerminate)
    i.svcTimerCall                           0x00004030   Section        0  rt_cmsis.o(i.svcTimerCall)
    i.sysTimerTick                           0x00004048   Section        0  rt_cmsis.o(i.sysTimerTick)
    halF                                     0x000040a8   Data          16  exp.o(.constdata)
    .constdata                               0x000040a8   Section       88  exp.o(.constdata)
    ln2HI                                    0x000040b8   Data          16  exp.o(.constdata)
    ln2LO                                    0x000040c8   Data          16  exp.o(.constdata)
    P                                        0x000040d8   Data          40  exp.o(.constdata)
    __tagsym$$used.0                         0x00004100   Number         0  rtx_conf_cm.o(.rodata.CMSIS_RTOS_API_Version)
    __tagsym$$used.1                         0x00004104   Number         0  rtx_conf_cm.o(.rodata.CMSIS_RTOS_RTX_Version)
    JOYSTICK_PIN                             0x00004108   Data          10  joystick_mcb1700.o(.rodata.JOYSTICK_PIN)
    [Anonymous Symbol]                       0x00004108   Section        0  joystick_mcb1700.o(.rodata.JOYSTICK_PIN)
    LED_PIN                                  0x00004112   Data          16  led_mcb1700.o(.rodata.cst16)
    [Anonymous Symbol]                       0x00004112   Section        0  led_mcb1700.o(.rodata.cst16)
    __tagsym$$used.2                         0x0000412c   Number         0  rtx_conf_cm.o(.rodata.os_clockrate)
    __tagsym$$used.3                         0x0000419c   Number         0  rtx_conf_cm.o(.rodata.os_timernum)
    [Anonymous Symbol]                       0x000041a4   Section        0  projectmain.o(.rodata.str1.1)
    .L.str.5                                 0x000041dc   Data          23  projectmain.o(.rodata.str1.1)
    .L.str.16                                0x000041f3   Data          28  projectmain.o(.rodata.str1.1)
    .L.str.10                                0x0000420f   Data          23  projectmain.o(.rodata.str1.1)
    .L.str.8                                 0x00004226   Data          19  projectmain.o(.rodata.str1.1)
    .L.str.14                                0x00004239   Data          26  projectmain.o(.rodata.str1.1)
    .L.str.6                                 0x00004253   Data          17  projectmain.o(.rodata.str1.1)
    .L.str.18                                0x00004264   Data          36  projectmain.o(.rodata.str1.1)
    .L.str.17                                0x00004288   Data          27  projectmain.o(.rodata.str1.1)
    .L.str.15                                0x000042a3   Data          28  projectmain.o(.rodata.str1.1)
    .L.str.9                                 0x000042bf   Data          20  projectmain.o(.rodata.str1.1)
    .L.str.13                                0x000042d3   Data          27  projectmain.o(.rodata.str1.1)
    .L.str.7                                 0x000042ee   Data          20  projectmain.o(.rodata.str1.1)
    .L.str.12                                0x00004302   Data          25  projectmain.o(.rodata.str1.1)
    .L.str.4                                 0x0000431b   Data          60  projectmain.o(.rodata.str1.1)
    .Lstr.61                                 0x00004357   Data         118  projectmain.o(.rodata.str1.1)
    .Lstr.62                                 0x000043cd   Data         118  projectmain.o(.rodata.str1.1)
    .L.str.31                                0x00004443   Data         195  projectmain.o(.rodata.str1.1)
    .Lstr.66                                 0x00004506   Data         133  projectmain.o(.rodata.str1.1)
    .Lstr.68                                 0x0000458b   Data          17  projectmain.o(.rodata.str1.1)
    .Lstr.63                                 0x0000459c   Data          89  projectmain.o(.rodata.str1.1)
    .Lstr.65                                 0x000045f5   Data          15  projectmain.o(.rodata.str1.1)
    .L.str.44                                0x00004604   Data          10  projectmain.o(.rodata.str1.1)
    .L.str.38                                0x0000460e   Data          32  projectmain.o(.rodata.str1.1)
    .Lstr.70                                 0x0000462e   Data          92  projectmain.o(.rodata.str1.1)
    .Lstr.69                                 0x0000468a   Data          13  projectmain.o(.rodata.str1.1)
    .Lstr.64                                 0x00004697   Data          40  projectmain.o(.rodata.str1.1)
    .Lstr.60                                 0x000046bf   Data          71  projectmain.o(.rodata.str1.1)
    .Lstr.53                                 0x00004706   Data          81  projectmain.o(.rodata.str1.1)
    .Lstr.52                                 0x00004757   Data          90  projectmain.o(.rodata.str1.1)
    .L.str.3                                 0x000047b1   Data          70  task3.o(.rodata.str1.1)
    [Anonymous Symbol]                       0x000047b1   Section        0  task3.o(.rodata.str1.1)
    .Lstr.26                                 0x000047f7   Data          11  joystickfiles.o(.rodata.str1.1)
    [Anonymous Symbol]                       0x000047f7   Section        0  joystickfiles.o(.rodata.str1.1)
    .Lstr.28                                 0x00004802   Data           9  joystickfiles.o(.rodata.str1.1)
    .L.str.16                                0x0000480b   Data          68  joystickfiles.o(.rodata.str1.1)
    .Lstr.31                                 0x0000484f   Data          28  joystickfiles.o(.rodata.str1.1)
    .Lstr.27                                 0x0000486b   Data           9  joystickfiles.o(.rodata.str1.1)
    .Lstr.24                                 0x00004874   Data          12  joystickfiles.o(.rodata.str1.1)
    .Lstr.29                                 0x00004880   Data          10  joystickfiles.o(.rodata.str1.1)
    .Lstr.25                                 0x0000488a   Data          14  joystickfiles.o(.rodata.str1.1)
    .L.str                                   0x00004898   Data          23  threadtasks.o(.rodata.str1.1)
    [Anonymous Symbol]                       0x00004898   Section        0  threadtasks.o(.rodata.str1.1)
    .data                                    0x10000000   Section        8  rt_cmsis.o(.data)
    .data                                    0x10000008   Section        8  rt_task.o(.data)
    os_lock                                  0x10000010   Data           1  rt_system.o(.data)
    .data                                    0x10000010   Section        8  rt_system.o(.data)
    os_psh_flag                              0x10000011   Data           1  rt_system.o(.data)
    pend_flags                               0x10000012   Data           1  rt_system.o(.data)
    .data                                    0x10000018   Section        4  rt_time.o(.data)
    .data                                    0x1000001c   Section        1  hal_cm.o(.data)
    .data                                    0x10000020   Section        4  stdout.o(.data)
    _errno                                   0x10000024   Data           4  errno.o(.data)
    .data                                    0x10000024   Section        4  errno.o(.data)
    .bss                                     0x10000160   Section       52  rt_task.o(.bss)
    .bss                                     0x10000194   Section       48  rt_list.o(.bss)
    AD_done                                  0x100001c4   Data           1  adc_mcb1700.o(.bss.AD_done)
    [Anonymous Symbol]                       0x100001c4   Section        0  adc_mcb1700.o(.bss.AD_done)
    AD_last                                  0x100001c6   Data           2  adc_mcb1700.o(.bss.AD_last)
    [Anonymous Symbol]                       0x100001c6   Section        0  adc_mcb1700.o(.bss.AD_last)
    STACK                                    0x10000b60   Section      512  startup_lpc17xx.o(STACK)

    Global Symbols

    Symbol Name                              Value     Ov Type        Size  Object(Section)

    BuildAttributes$$THM_ISAv4$P$D$K$B$S$PE$A:L22UL41UL21$X:L11$S22US41US21$IEEE1$IW$~IW$USESV6$~STKCKD$USESV7$~SHL$OTIME$ROPI$IEEEX$EBA8$MICROLIB$REQ8$PRES8$EABIv2 0x00000000   Number         0  anon$$obj.o ABSOLUTE
    __Vectors                                0x00000000   Data           4  startup_lpc17xx.o(RESET)
    _printf_a                                0x00000000   Number         0  printfstubs.o ABSOLUTE
    _printf_c                                0x00000000   Number         0  printfstubs.o ABSOLUTE
    _printf_charcount                        0x00000000   Number         0  printfstubs.o ABSOLUTE
    _printf_d                                0x00000000   Number         0  printfstubs.o ABSOLUTE
    _printf_e                                0x00000000   Number         0  printfstubs.o ABSOLUTE
    _printf_f                                0x00000000   Number         0  printfstubs.o ABSOLUTE
    _printf_flags                            0x00000000   Number         0  printfstubs.o ABSOLUTE
    _printf_fp_dec                           0x00000000   Number         0  printfstubs.o ABSOLUTE
    _printf_fp_hex                           0x00000000   Number         0  printfstubs.o ABSOLUTE
    _printf_g                                0x00000000   Number         0  printfstubs.o ABSOLUTE
    _printf_i                                0x00000000   Number         0  printfstubs.o ABSOLUTE
    _printf_int_dec                          0x00000000   Number         0  printfstubs.o ABSOLUTE
    _printf_l                                0x00000000   Number         0  printfstubs.o ABSOLUTE
    _printf_lc                               0x00000000   Number         0  printfstubs.o ABSOLUTE
    _printf_ll                               0x00000000   Number         0  printfstubs.o ABSOLUTE
    _printf_lld                              0x00000000   Number         0  printfstubs.o ABSOLUTE
    _printf_lli                              0x00000000   Number         0  printfstubs.o ABSOLUTE
    _printf_llo                              0x00000000   Number         0  printfstubs.o ABSOLUTE
    _printf_llu                              0x00000000   Number         0  printfstubs.o ABSOLUTE
    _printf_llx                              0x00000000   Number         0  printfstubs.o ABSOLUTE
    _printf_longlong_dec                     0x00000000   Number         0  printfstubs.o ABSOLUTE
    _printf_longlong_hex                     0x00000000   Number         0  printfstubs.o ABSOLUTE
    _printf_longlong_oct                     0x00000000   Number         0  printfstubs.o ABSOLUTE
    _printf_ls                               0x00000000   Number         0  printfstubs.o ABSOLUTE
    _printf_mbtowc                           0x00000000   Number         0  printfstubs.o ABSOLUTE
    _printf_n                                0x00000000   Number         0  printfstubs.o ABSOLUTE
    _printf_o                                0x00000000   Number         0  printfstubs.o ABSOLUTE
    _printf_p                                0x00000000   Number         0  printfstubs.o ABSOLUTE
    _printf_percent                          0x00000000   Number         0  printfstubs.o ABSOLUTE
    _printf_pre_padding                      0x00000000   Number         0  printfstubs.o ABSOLUTE
    _printf_return_value                     0x00000000   Number         0  printfstubs.o ABSOLUTE
    _printf_s                                0x00000000   Number         0  printfstubs.o ABSOLUTE
    _printf_sizespec                         0x00000000   Number         0  printfstubs.o ABSOLUTE
    _printf_str                              0x00000000   Number         0  printfstubs.o ABSOLUTE
    _printf_truncate_signed                  0x00000000   Number         0  printfstubs.o ABSOLUTE
    _printf_truncate_unsigned                0x00000000   Number         0  printfstubs.o ABSOLUTE
    _printf_u                                0x00000000   Number         0  printfstubs.o ABSOLUTE
    _printf_wc                               0x00000000   Number         0  printfstubs.o ABSOLUTE
    _printf_wctomb                           0x00000000   Number         0  printfstubs.o ABSOLUTE
    _printf_widthprec                        0x00000000   Number         0  printfstubs.o ABSOLUTE
    _printf_x                                0x00000000   Number         0  printfstubs.o ABSOLUTE
    __cpp_initialize__aeabi_                  - Undefined Weak Reference
    __cxa_finalize                            - Undefined Weak Reference
    _clock_init                               - Undefined Weak Reference
    _microlib_exit                            - Undefined Weak Reference
    __main                                   0x000000cd   Thumb Code     0  entry.o(.ARM.Collect$$$$00000000)
    _main_stk                                0x000000cd   Thumb Code     0  entry2.o(.ARM.Collect$$$$00000001)
    _main_scatterload                        0x000000d1   Thumb Code     0  entry5.o(.ARM.Collect$$$$00000004)
    __main_after_scatterload                 0x000000d5   Thumb Code     0  entry5.o(.ARM.Collect$$$$00000004)
    __rt_final_cpp                           0x000000d5   Thumb Code     0  entry10a.o(.ARM.Collect$$$$0000000D)
    __rt_final_exit                          0x000000d5   Thumb Code     0  entry11a.o(.ARM.Collect$$$$0000000F)
    _main_clock                              0x000000d5   Thumb Code     0  entry7b.o(.ARM.Collect$$$$00000008)
    _main_cpp_init                           0x000000d5   Thumb Code     0  entry8b.o(.ARM.Collect$$$$0000000A)
    _main_init                               0x000000d5   Thumb Code    26  rtx_conf_cm.o(.ARM.Collect$$$$000000FF)
    rt_set_PSP                               0x000000f5   Thumb Code     6  hal_cm3.o(.emb_text)
    rt_get_PSP                               0x000000fb   Thumb Code     6  hal_cm3.o(.emb_text)
    os_set_env                               0x00000101   Thumb Code    24  hal_cm3.o(.emb_text)
    _alloc_box                               0x0000011d   Thumb Code    28  hal_cm3.o(.emb_text)
    _free_box                                0x0000013d   Thumb Code    28  hal_cm3.o(.emb_text)
    SVC_Handler                              0x0000015d   Thumb Code   108  hal_cm3.o(.emb_text)
    PendSV_Handler                           0x000001d5   Thumb Code    56  hal_cm3.o(.emb_text)
    SysTick_Handler                          0x00000211   Thumb Code     8  hal_cm3.o(.emb_text)
    OS_Tick_Handler                          0x00000219   Thumb Code    12  hal_cm3.o(.emb_text)
    Reset_Handler                            0x00000225   Thumb Code     8  startup_lpc17xx.o(.text)
    NMI_Handler                              0x0000022d   Thumb Code     2  startup_lpc17xx.o(.text)
    HardFault_Handler                        0x0000022f   Thumb Code     2  startup_lpc17xx.o(.text)
    MemManage_Handler                        0x00000231   Thumb Code     2  startup_lpc17xx.o(.text)
    BusFault_Handler                         0x00000233   Thumb Code     2  startup_lpc17xx.o(.text)
    UsageFault_Handler                       0x00000235   Thumb Code     2  startup_lpc17xx.o(.text)
    DebugMon_Handler                         0x00000239   Thumb Code     2  startup_lpc17xx.o(.text)
    BOD_IRQHandler                           0x0000023f   Thumb Code     0  startup_lpc17xx.o(.text)
    CANActivity_IRQHandler                   0x0000023f   Thumb Code     0  startup_lpc17xx.o(.text)
    CAN_IRQHandler                           0x0000023f   Thumb Code     0  startup_lpc17xx.o(.text)
    DMA_IRQHandler                           0x0000023f   Thumb Code     0  startup_lpc17xx.o(.text)
    EINT0_IRQHandler                         0x0000023f   Thumb Code     0  startup_lpc17xx.o(.text)
    EINT1_IRQHandler                         0x0000023f   Thumb Code     0  startup_lpc17xx.o(.text)
    EINT2_IRQHandler                         0x0000023f   Thumb Code     0  startup_lpc17xx.o(.text)
    EINT3_IRQHandler                         0x0000023f   Thumb Code     0  startup_lpc17xx.o(.text)
    ENET_IRQHandler                          0x0000023f   Thumb Code     0  startup_lpc17xx.o(.text)
    I2C0_IRQHandler                          0x0000023f   Thumb Code     0  startup_lpc17xx.o(.text)
    I2C1_IRQHandler                          0x0000023f   Thumb Code     0  startup_lpc17xx.o(.text)
    I2C2_IRQHandler                          0x0000023f   Thumb Code     0  startup_lpc17xx.o(.text)
    I2S_IRQHandler                           0x0000023f   Thumb Code     0  startup_lpc17xx.o(.text)
    MCPWM_IRQHandler                         0x0000023f   Thumb Code     0  startup_lpc17xx.o(.text)
    PLL0_IRQHandler                          0x0000023f   Thumb Code     0  startup_lpc17xx.o(.text)
    PLL1_IRQHandler                          0x0000023f   Thumb Code     0  startup_lpc17xx.o(.text)
    PWM1_IRQHandler                          0x0000023f   Thumb Code     0  startup_lpc17xx.o(.text)
    QEI_IRQHandler                           0x0000023f   Thumb Code     0  startup_lpc17xx.o(.text)
    RIT_IRQHandler                           0x0000023f   Thumb Code     0  startup_lpc17xx.o(.text)
    RTC_IRQHandler                           0x0000023f   Thumb Code     0  startup_lpc17xx.o(.text)
    SPI_IRQHandler                           0x0000023f   Thumb Code     0  startup_lpc17xx.o(.text)
    SSP0_IRQHandler                          0x0000023f   Thumb Code     0  startup_lpc17xx.o(.text)
    SSP1_IRQHandler                          0x0000023f   Thumb Code     0  startup_lpc17xx.o(.text)
    TIMER0_IRQHandler                        0x0000023f   Thumb Code     0  startup_lpc17xx.o(.text)
    TIMER1_IRQHandler                        0x0000023f   Thumb Code     0  startup_lpc17xx.o(.text)
    TIMER2_IRQHandler                        0x0000023f   Thumb Code     0  startup_lpc17xx.o(.text)
    TIMER3_IRQHandler                        0x0000023f   Thumb Code     0  startup_lpc17xx.o(.text)
    UART0_IRQHandler                         0x0000023f   Thumb Code     0  startup_lpc17xx.o(.text)
    UART1_IRQHandler                         0x0000023f   Thumb Code     0  startup_lpc17xx.o(.text)
    UART2_IRQHandler                         0x0000023f   Thumb Code     0  startup_lpc17xx.o(.text)
    UART3_IRQHandler                         0x0000023f   Thumb Code     0  startup_lpc17xx.o(.text)
    USBActivity_IRQHandler                   0x0000023f   Thumb Code     0  startup_lpc17xx.o(.text)
    USB_IRQHandler                           0x0000023f   Thumb Code     0  startup_lpc17xx.o(.text)
    WDT_IRQHandler                           0x0000023f   Thumb Code     0  startup_lpc17xx.o(.text)
    __aeabi_uldivmod                         0x00000249   Thumb Code    98  uldiv.o(.text)
    __aeabi_i2d                              0x000002ab   Thumb Code    34  dflti.o(.text)
    __aeabi_uidiv                            0x000002cd   Thumb Code     0  uidiv.o(.text)
    __aeabi_uidivmod                         0x000002cd   Thumb Code    44  uidiv.o(.text)
    __I$use$fp                               0x000002f9   Thumb Code     0  iusefp.o(.text)
    os_error                                 0x000002f9   Thumb Code     2  rtx_conf_cm.o(.text.os_error)
    __scatterload_null                       0x000002fb   Thumb Code     2  handlers.o(i.__scatterload_null)
    __aeabi_dadd                             0x00000301   Thumb Code   322  dadd.o(.text)
    __aeabi_dsub                             0x00000443   Thumb Code     6  dadd.o(.text)
    __aeabi_drsub                            0x00000449   Thumb Code     6  dadd.o(.text)
    __aeabi_dmul                             0x0000044f   Thumb Code   228  dmul.o(.text)
    __RL_RTX_VER                             0x00000482   Number         0  rt_system.o ABSOLUTE
    __aeabi_ddiv                             0x00000533   Thumb Code   222  ddiv.o(.text)
    __aeabi_llsl                             0x00000611   Thumb Code    30  llshl.o(.text)
    _ll_shift_l                              0x00000611   Thumb Code     0  llshl.o(.text)
    __aeabi_llsr                             0x0000062f   Thumb Code    32  llushr.o(.text)
    _ll_ushift_r                             0x0000062f   Thumb Code     0  llushr.o(.text)
    __aeabi_lasr                             0x0000064f   Thumb Code    36  llsshr.o(.text)
    _ll_sshift_r                             0x0000064f   Thumb Code     0  llsshr.o(.text)
    _double_round                            0x00000673   Thumb Code    30  depilogue.o(.text)
    _double_epilogue                         0x00000691   Thumb Code   156  depilogue.o(.text)
    __ARM_scalbn                             0x0000072d   Thumb Code    46  dscalb.o(.text)
    scalbn                                   0x0000072d   Thumb Code     0  dscalb.o(.text)
    _dsqrt                                   0x0000075b   Thumb Code   162  dsqrt.o(.text)
    __aeabi_d2iz                             0x000007fd   Thumb Code    62  dfixi.o(.text)
    __aeabi_d2ulz                            0x0000083b   Thumb Code    48  dfixul.o(.text)
    __aeabi_cdcmpeq                          0x0000086d   Thumb Code     0  cdcmple.o(.text)
    __aeabi_cdcmple                          0x0000086d   Thumb Code    48  cdcmple.o(.text)
    __aeabi_cdrcmple                         0x0000089d   Thumb Code    48  cdrcmple.o(.text)
    __scatterload                            0x000008cd   Thumb Code    28  init.o(.text)
    __scatterload_rt2                        0x000008cd   Thumb Code     0  init.o(.text)
    __decompress                             0x000008f1   Thumb Code     0  __dczerorl2.o(.text)
    __decompress1                            0x000008f1   Thumb Code    86  __dczerorl2.o(.text)
    ADC_IRQHandler                           0x00000949   Thumb Code    46  adc_mcb1700.o(.text.ADC_IRQHandler)
    ADC_Initialize                           0x00000979   Thumb Code    74  adc_mcb1700.o(.text.ADC_Initialize)
    GPIO_PinRead                             0x000009c5   Thumb Code    20  gpio_lpc17xx.o(.text.GPIO_PinRead)
    GPIO_PinWrite                            0x000009d9   Thumb Code    28  gpio_lpc17xx.o(.text.GPIO_PinWrite)
    GPIO_PortClock                           0x000009f5   Thumb Code    26  gpio_lpc17xx.o(.text.GPIO_PortClock)
    GPIO_SetDir                              0x00000a11   Thumb Code    34  gpio_lpc17xx.o(.text.GPIO_SetDir)
    Init_task3JoinThreads                    0x00000a35   Thumb Code    96  threadtasks.o(.text.Init_task3JoinThreads)
    Joystick_GetState                        0x00000aa9   Thumb Code    92  joystick_mcb1700.o(.text.Joystick_GetState)
    Joystick_Initialize                      0x00000b05   Thumb Code    78  joystick_mcb1700.o(.text.Joystick_Initialize)
    LED_Initialize                           0x00000b55   Thumb Code    88  led_mcb1700.o(.text.LED_Initialize)
    MutThreads                               0x00000bad   Thumb Code    42  threadtasks.o(.text.MutThreads)
    PIN_Configure                            0x00000bd9   Thumb Code   116  pin_lpc17xx.o(.text.PIN_Configure)
    RSemThreads                              0x00000c4d   Thumb Code    14  threadtasks.o(.text.RSemThreads)
    SemThreads                               0x00000c5d   Thumb Code    40  threadtasks.o(.text.SemThreads)
    SystemCoreClockUpdate                    0x00000ca9   Thumb Code   248  system_lpc17xx.o(.text.SystemCoreClockUpdate)
    SystemInit                               0x00000da1   Thumb Code   204  system_lpc17xx.o(.text.SystemInit)
    Thread1                                  0x00000e6d   Thumb Code    16  threadtasks.o(.text.Thread1)
    Thread2                                  0x00000e7d   Thumb Code   176  threadtasks.o(.text.Thread2)
    Thread3                                  0x00000f39   Thumb Code   160  threadtasks.o(.text.Thread3)
    allCalc                                  0x00001005   Thumb Code   114  task3.o(.text.allCalc)
    delay                                    0x00001079   Thumb Code    48  projectmain.o(.text.delay)
    escapeVelAndMass                         0x000010b9   Thumb Code    84  task3.o(.text.escapeVelAndMass)
    fputc                                    0x0000117d   Thumb Code    34  projectmain.o(.text.fputc)
    hexAssoc                                 0x000011a1   Thumb Code   270  projectmain.o(.text.hexAssoc)
    hexColorConvRUN                          0x000012b1   Thumb Code    72  task2.o(.text.hexColorConvRUN)
    ifWhileVarGrab                           0x00001325   Thumb Code   184  projectmain.o(.text.ifWhileVarGrab)
    joystickGetPos                           0x000013dd   Thumb Code   256  joystickfiles.o(.text.joystickGetPos)
    main                                     0x0000157d   Thumb Code   464  projectmain.o(.text.main)
    mutexSemOrResSEM                         0x000017d9   Thumb Code    68  projectmain.o(.text.mutexSemOrResSEM)
    os_idle_demon                            0x00001829   Thumb Code     2  rtx_conf_cm.o(.text.os_idle_demon)
    passVarsToTask1                          0x0000182d   Thumb Code     8  projectmain.o(.text.passVarsToTask1)
    passVarsToTask2                          0x00001835   Thumb Code     8  projectmain.o(.text.passVarsToTask2)
    passVarsToTask3                          0x0000183d   Thumb Code     8  projectmain.o(.text.passVarsToTask3)
    passVarsToTasks                          0x00001845   Thumb Code    44  projectmain.o(.text.passVarsToTasks)
    planetAssoc                              0x00001871   Thumb Code    70  projectmain.o(.text.planetAssoc)
    planetChoose                             0x000018b9   Thumb Code   688  task3.o(.text.planetChoose)
    printJALL                                0x00001b9d   Thumb Code   196  projectmain.o(.text.printJALL)
    priorInvCHOICE                           0x00001ced   Thumb Code    44  threadtasks.o(.text.priorInvCHOICE)
    recVarsToTask1                           0x00001d29   Thumb Code    12  task1.o(.text.recVarsToTask1)
    recVarsToTask2                           0x00001d35   Thumb Code    48  task2.o(.text.recVarsToTask2)
    recVarsToTask3                           0x00001d65   Thumb Code    12  task3.o(.text.recVarsToTask3)
    rt_chk_robin                             0x00001d71   Thumb Code     2  rtx_conf_cm.o(.text.rt_chk_robin)
    rt_init_robin                            0x00001d75   Thumb Code     2  rtx_conf_cm.o(.text.rt_init_robin)
    scanTask1                                0x00001d79   Thumb Code    36  projectmain.o(.text.scanTask1)
    scanTask2                                0x00001d9d   Thumb Code    30  projectmain.o(.text.scanTask2)
    scanTask3                                0x00001dbd   Thumb Code    24  projectmain.o(.text.scanTask3)
    threadPrioritySet                        0x00001e0d   Thumb Code   124  threadtasks.o(.text.threadPrioritySet)
    SVC_Count                                0x00001eb0   Data           4  svc_table.o(SVC_TABLE)
    SVC_Table                                0x00001eb4   Data           0  svc_table.o(SVC_TABLE)
    __0printf                                0x00001eb5   Thumb Code    22  printfa.o(i.__0printf)
    __1printf                                0x00001eb5   Thumb Code     0  printfa.o(i.__0printf)
    __2printf                                0x00001eb5   Thumb Code     0  printfa.o(i.__0printf)
    __c89printf                              0x00001eb5   Thumb Code     0  printfa.o(i.__0printf)
    printf                                   0x00001eb5   Thumb Code     0  printfa.o(i.__0printf)
    __ARM_fpclassify                         0x00001ed5   Thumb Code    40  fpclassify.o(i.__ARM_fpclassify)
    __kernel_poly                            0x00001efd   Thumb Code   170  poly.o(i.__kernel_poly)
    __mathlib_dbl_infnan                     0x00001fa7   Thumb Code     6  dunder.o(i.__mathlib_dbl_infnan)
    __mathlib_dbl_overflow                   0x00001fad   Thumb Code    14  dunder.o(i.__mathlib_dbl_overflow)
    __mathlib_dbl_underflow                  0x00001fbd   Thumb Code    10  dunder.o(i.__mathlib_dbl_underflow)
    __scatterload_copy                       0x00001fcd   Thumb Code    14  handlers.o(i.__scatterload_copy)
    __scatterload_zeroinit                   0x00001fdb   Thumb Code    14  handlers.o(i.__scatterload_zeroinit)
    __set_errno                              0x00001fe9   Thumb Code     6  errno.o(i.__set_errno)
    _init_box                                0x00002179   Thumb Code    70  rt_membox.o(i._init_box)
    dbg_init                                 0x000028f1   Thumb Code    34  hal_cm.o(i.dbg_init)
    dbg_task_notify                          0x00002921   Thumb Code    32  hal_cm.o(i.dbg_task_notify)
    dbg_task_switch                          0x00002941   Thumb Code    16  hal_cm.o(i.dbg_task_switch)
    exp                                      0x00002951   Thumb Code   554  exp.o(i.exp)
    isrMessageGet                            0x00002bd5   Thumb Code    42  rt_cmsis.o(i.isrMessageGet)
    isrMessagePut                            0x00002bff   Thumb Code    44  rt_cmsis.o(i.isrMessagePut)
    isrSemaphoreRelease                      0x00002c2b   Thumb Code    40  rt_cmsis.o(i.isrSemaphoreRelease)
    isr_mbx_receive                          0x00002c55   Thumb Code    86  rt_mailbox.o(i.isr_mbx_receive)
    isr_mbx_send                             0x00002cab   Thumb Code    14  rt_mailbox.o(i.isr_mbx_send)
    isr_sem_send                             0x00002cb9   Thumb Code    16  rt_semaphore.o(i.isr_sem_send)
    osDelay                                  0x00002cc9   Thumb Code    18  rt_cmsis.o(i.osDelay)
    osKernelInitialize                       0x00002ce1   Thumb Code    30  rt_cmsis.o(i.osKernelInitialize)
    osKernelStart                            0x00002d05   Thumb Code    98  rt_cmsis.o(i.osKernelStart)
    osMessageGet                             0x00002d71   Thumb Code    18  rt_cmsis.o(i.osMessageGet)
    osMutexCreate                            0x00002d89   Thumb Code    36  rt_cmsis.o(i.osMutexCreate)
    osMutexRelease                           0x00002db5   Thumb Code    18  rt_cmsis.o(i.osMutexRelease)
    osMutexWait                              0x00002dcd   Thumb Code    18  rt_cmsis.o(i.osMutexWait)
    osSemaphoreCreate                        0x00002de5   Thumb Code    36  rt_cmsis.o(i.osSemaphoreCreate)
    osSemaphoreRelease                       0x00002e11   Thumb Code    18  rt_cmsis.o(i.osSemaphoreRelease)
    osSemaphoreWait                          0x00002e29   Thumb Code    20  rt_cmsis.o(i.osSemaphoreWait)
    osThreadCreate                           0x00002e41   Thumb Code    36  rt_cmsis.o(i.osThreadCreate)
    osThreadExit                             0x00002e6d   Thumb Code    14  rt_cmsis.o(i.osThreadExit)
    osTimerCall                              0x00002e85   Thumb Code     8  rt_cmsis.o(i.osTimerCall)
    osTimerThread                            0x00002e91   Thumb Code    38  rt_cmsis.o(i.osTimerThread)
    os_tick_init                             0x00002ebd   Thumb Code    32  rt_system.o(i.os_tick_init)
    os_tick_irqack                           0x00002ee5   Thumb Code     2  rt_system.o(i.os_tick_irqack)
    putchar                                  0x00002ee9   Thumb Code     6  putchar.o(i.putchar)
    puts                                     0x00002ef5   Thumb Code    30  puts.o(i.puts)
    rt_alloc_box                             0x00002f19   Thumb Code    26  rt_membox.o(i.rt_alloc_box)
    rt_alloc_mem                             0x00002f33   Thumb Code    62  rt_memory.o(i.rt_alloc_mem)
    rt_block                                 0x00002f71   Thumb Code    48  rt_task.o(i.rt_block)
    rt_dec_dly                               0x00002fa9   Thumb Code   102  rt_list.o(i.rt_dec_dly)
    rt_dispatch                              0x00003019   Thumb Code    60  rt_task.o(i.rt_dispatch)
    rt_dly_wait                              0x0000305d   Thumb Code     6  rt_time.o(i.rt_dly_wait)
    rt_evt_psh                               0x00003065   Thumb Code    76  rt_event.o(i.rt_evt_psh)
    rt_free_box                              0x000030b5   Thumb Code    44  rt_membox.o(i.rt_free_box)
    rt_free_mem                              0x000030e1   Thumb Code    40  rt_memory.o(i.rt_free_mem)
    rt_get_first                             0x00003109   Thumb Code    40  rt_list.o(i.rt_get_first)
    rt_init_mem                              0x00003181   Thumb Code    26  rt_memory.o(i.rt_init_mem)
    rt_init_stack                            0x0000319d   Thumb Code   118  hal_cm.o(i.rt_init_stack)
    rt_mbx_check                             0x0000321d   Thumb Code     8  rt_mailbox.o(i.rt_mbx_check)
    rt_mbx_init                              0x00003225   Thumb Code    26  rt_mailbox.o(i.rt_mbx_init)
    rt_mbx_psh                               0x00003241   Thumb Code   236  rt_mailbox.o(i.rt_mbx_psh)
    rt_mbx_wait                              0x00003331   Thumb Code   174  rt_mailbox.o(i.rt_mbx_wait)
    rt_mut_init                              0x00003429   Thumb Code    16  rt_mutex.o(i.rt_mut_init)
    rt_mut_release                           0x00003439   Thumb Code   208  rt_mutex.o(i.rt_mut_release)
    rt_mut_wait                              0x00003511   Thumb Code   114  rt_mutex.o(i.rt_mut_wait)
    rt_pop_req                               0x00003589   Thumb Code   112  rt_system.o(i.rt_pop_req)
    rt_psh_req                               0x00003605   Thumb Code    22  rt_system.o(i.rt_psh_req)
    rt_psq_enq                               0x00003625   Thumb Code    88  rt_list.o(i.rt_psq_enq)
    rt_put_dly                               0x00003681   Thumb Code    68  rt_list.o(i.rt_put_dly)
    rt_put_prio                              0x000036c9   Thumb Code    54  rt_list.o(i.rt_put_prio)
    rt_put_rdy_first                         0x00003701   Thumb Code    14  rt_list.o(i.rt_put_rdy_first)
    rt_resort_prio                           0x00003715   Thumb Code    46  rt_list.o(i.rt_resort_prio)
    rt_ret_val                               0x00003749   Thumb Code     6  hal_cm.o(i.rt_ret_val)
    rt_ret_val2                              0x0000374f   Thumb Code     8  hal_cm.o(i.rt_ret_val2)
    rt_rmv_dly                               0x00003757   Thumb Code    40  rt_list.o(i.rt_rmv_dly)
    rt_rmv_list                              0x00003781   Thumb Code    44  rt_list.o(i.rt_rmv_list)
    rt_sem_init                              0x000037b1   Thumb Code    12  rt_semaphore.o(i.rt_sem_init)
    rt_sem_psh                               0x000037bd   Thumb Code    48  rt_semaphore.o(i.rt_sem_psh)
    rt_sem_send                              0x000037f1   Thumb Code    42  rt_semaphore.o(i.rt_sem_send)
    rt_sem_wait                              0x0000381d   Thumb Code    58  rt_semaphore.o(i.rt_sem_wait)
    rt_stk_check                             0x0000385d   Thumb Code    28  rt_system.o(i.rt_stk_check)
    rt_switch_req                            0x00003881   Thumb Code    30  rt_task.o(i.rt_switch_req)
    rt_sys_init                              0x000038a9   Thumb Code   138  rt_task.o(i.rt_sys_init)
    rt_sys_start                             0x00003975   Thumb Code   110  rt_task.o(i.rt_sys_start)
    rt_systick                               0x000039ed   Thumb Code    50  rt_system.o(i.rt_systick)
    rt_tsk_create                            0x00003a75   Thumb Code   118  rt_task.o(i.rt_tsk_create)
    rt_tsk_delete                            0x00003afd   Thumb Code   352  rt_task.o(i.rt_tsk_delete)
    rt_tsk_prio                              0x00003c79   Thumb Code   108  rt_task.o(i.rt_tsk_prio)
    rt_tsk_self                              0x00003cf5   Thumb Code    12  rt_task.o(i.rt_tsk_self)
    sqrt                                     0x00003d05   Thumb Code    76  sqrt.o(i.sqrt)
    svcDelay                                 0x00003d51   Thumb Code    18  rt_cmsis.o(i.svcDelay)
    svcKernelInitialize                      0x00003d65   Thumb Code    80  rt_cmsis.o(i.svcKernelInitialize)
    svcKernelStart                           0x00003dd5   Thumb Code    62  rt_cmsis.o(i.svcKernelStart)
    svcMessageCreate                         0x00003e1d   Thumb Code    36  rt_cmsis.o(i.svcMessageCreate)
    svcMessageGet                            0x00003e41   Thumb Code    58  rt_cmsis.o(i.svcMessageGet)
    svcMutexCreate                           0x00003e7b   Thumb Code    28  rt_cmsis.o(i.svcMutexCreate)
    svcMutexRelease                          0x00003e97   Thumb Code    34  rt_cmsis.o(i.svcMutexRelease)
    svcMutexWait                             0x00003eb9   Thumb Code    58  rt_cmsis.o(i.svcMutexWait)
    svcSemaphoreCreate                       0x00003ef3   Thumb Code    36  rt_cmsis.o(i.svcSemaphoreCreate)
    svcSemaphoreRelease                      0x00003f17   Thumb Code    40  rt_cmsis.o(i.svcSemaphoreRelease)
    svcSemaphoreWait                         0x00003f3f   Thumb Code    50  rt_cmsis.o(i.svcSemaphoreWait)
    svcThreadCreate                          0x00003f71   Thumb Code    96  rt_cmsis.o(i.svcThreadCreate)
    svcThreadGetId                           0x00003fdd   Thumb Code    22  rt_cmsis.o(i.svcThreadGetId)
    svcThreadTerminate                       0x00003ff9   Thumb Code    50  rt_cmsis.o(i.svcThreadTerminate)
    svcTimerCall                             0x00004031   Thumb Code    24  rt_cmsis.o(i.svcTimerCall)
    sysTimerTick                             0x00004049   Thumb Code    84  rt_cmsis.o(i.sysTimerTick)
    CMSIS_RTOS_API_Version                   0x00004100   Data           4  rtx_conf_cm.o(.rodata.CMSIS_RTOS_API_Version)
    CMSIS_RTOS_RTX_Version                   0x00004104   Data           4  rtx_conf_cm.o(.rodata.CMSIS_RTOS_RTX_Version)
    mp_stk_size                              0x00004124   Data           4  rtx_conf_cm.o(.rodata.mp_stk_size)
    mp_tcb_size                              0x00004128   Data           2  rtx_conf_cm.o(.rodata.mp_tcb_size)
    mp_tmr_size                              0x0000412a   Data           2  rtx_conf_cm.o(.rodata.mp_tmr_size)
    os_clockrate                             0x0000412c   Data           4  rtx_conf_cm.o(.rodata.os_clockrate)
    os_fifo_size                             0x00004130   Data           1  rtx_conf_cm.o(.rodata.os_fifo_size)
    os_flags                                 0x00004131   Data           1  rtx_conf_cm.o(.rodata.os_flags)
    os_maxtaskrun                            0x00004132   Data           2  rtx_conf_cm.o(.rodata.os_maxtaskrun)
    os_messageQ_def_osTimerMessageQ          0x00004134   Data           8  rtx_conf_cm.o(.rodata.os_messageQ_def_osTimerMessageQ)
    os_mutex_def_threadMut                   0x0000413c   Data           4  threadtasks.o(.rodata.os_mutex_def_threadMut)
    os_semaphore_def_semaphore               0x00004140   Data           4  threadtasks.o(.rodata.os_semaphore_def_semaphore)
    os_stack_sz                              0x00004144   Data           4  rtx_conf_cm.o(.rodata.os_stack_sz)
    os_stackinfo                             0x00004148   Data           4  rtx_conf_cm.o(.rodata.os_stackinfo)
    os_thread_def_Thread1                    0x0000414c   Data          16  threadtasks.o(.rodata.os_thread_def_Thread1)
    os_thread_def_Thread2                    0x0000415c   Data          16  threadtasks.o(.rodata.os_thread_def_Thread2)
    os_thread_def_Thread3                    0x0000416c   Data          16  threadtasks.o(.rodata.os_thread_def_Thread3)
    os_thread_def_main                       0x0000417c   Data          16  rtx_conf_cm.o(.rodata.os_thread_def_main)
    os_thread_def_osTimerThread              0x0000418c   Data          16  rtx_conf_cm.o(.rodata.os_thread_def_osTimerThread)
    os_timernum                              0x0000419c   Data           4  rtx_conf_cm.o(.rodata.os_timernum)
    os_trv                                   0x000041a0   Data           4  rtx_conf_cm.o(.rodata.os_trv)
    Region$$Table$$Base                      0x000048b0   Number         0  anon$$obj.o(Region$$Table)
    Region$$Table$$Limit                     0x000048d0   Number         0  anon$$obj.o(Region$$Table)
    os_initialized                           0x10000000   Data           1  rt_cmsis.o(.data)
    os_running                               0x10000001   Data           1  rt_cmsis.o(.data)
    os_timer_head                            0x10000004   Data           4  rt_cmsis.o(.data)
    os_tsk                                   0x10000008   Data           8  rt_task.o(.data)
    os_tick_irqn                             0x10000014   Data           4  rt_system.o(.data)
    os_time                                  0x10000018   Data           4  rt_time.o(.data)
    dbg_msg                                  0x1000001c   Data           1  hal_cm.o(.data)
    __stdout                                 0x10000020   Data           4  stdout.o(.data)
    SystemCoreClock                          0x10000028   Data           4  system_lpc17xx.o(.data.SystemCoreClock)
    colorHex                                 0x1000002c   Data         112  projectmain.o(.data.colorHex)
    colorName                                0x1000009c   Data         128  projectmain.o(.data.colorName)
    planet                                   0x1000011c   Data          64  projectmain.o(.data.planet)
    os_idle_TCB                              0x10000160   Data          52  rt_task.o(.bss)
    os_rdy                                   0x10000194   Data          24  rt_list.o(.bss)
    os_dly                                   0x100001ac   Data          24  rt_list.o(.bss)
    boolMUT                                  0x100001c8   Data          12  threadtasks.o(.bss.boolMUT)
    doneTask                                 0x100001d4   Data          12  threadtasks.o(.bss.doneTask)
    hexCode                                  0x100001e0   Data           6  projectmain.o(.bss.hexCode)
    hexCodeTask                              0x100001e6   Data           6  task2.o(.bss.hexCodeTask)
    hexColorTask                             0x100001ec   Data           6  task2.o(.bss.hexColorTask)
    mSRSVar                                  0x100001f4   Data           4  projectmain.o(.bss.mSRSVar)
    m_tmr                                    0x100001f8   Data           4  rtx_conf_cm.o(.bss.m_tmr)
    mp_stk                                   0x10000200   Data        1216  rtx_conf_cm.o(.bss.mp_stk)
    mp_tcb                                   0x100006c0   Data         376  rtx_conf_cm.o(.bss.mp_tcb)
    n                                        0x10000838   Data           4  task1.o(.bss.n)
    osMessageQId_osTimerMessageQ             0x1000083c   Data           4  rtx_conf_cm.o(.bss.osMessageQId_osTimerMessageQ)
    osThreadId_osTimerThread                 0x10000840   Data           4  rtx_conf_cm.o(.bss.osThreadId_osTimerThread)
    os_active_TCB                            0x10000844   Data          28  rtx_conf_cm.o(.bss.os_active_TCB)
    os_fifo                                  0x10000860   Data         132  rtx_conf_cm.o(.bss.os_fifo)
    os_messageQ_q_osTimerMessageQ            0x100008e4   Data          32  rtx_conf_cm.o(.bss.os_messageQ_q_osTimerMessageQ)
    os_mutex_cb_threadMut                    0x10000904   Data          16  threadtasks.o(.bss.os_mutex_cb_threadMut)
    os_semaphore_cb_semaphore                0x10000914   Data           8  threadtasks.o(.bss.os_semaphore_cb_semaphore)
    os_stack_mem                             0x10000920   Data         432  rtx_conf_cm.o(.bss.os_stack_mem)
    output                                   0x10000ad0   Data          24  task3.o(.bss.output)
    planetChosen                             0x10000ae8   Data           1  task3.o(.bss.planetChosen)
    planetNum                                0x10000aec   Data           4  task3.o(.bss.planetNum)
    planetNumMain                            0x10000af0   Data           4  projectmain.o(.bss.planetNumMain)
    planetVars                               0x10000af8   Data          32  task3.o(.bss.planetVars)
    priorInvCH                               0x10000b18   Data           4  projectmain.o(.bss.priorInvCH)
    priorInvCHThread                         0x10000b1c   Data           4  threadtasks.o(.bss.priorInvCHThread)
    resSemToken                              0x10000b20   Data           4  threadtasks.o(.bss.resSemToken)
    resSemaphoreLive                         0x10000b24   Data           4  threadtasks.o(.bss.resSemaphoreLive)
    semaphorLive                             0x10000b28   Data           4  threadtasks.o(.bss.semaphorLive)
    semaphore                                0x10000b2c   Data           4  threadtasks.o(.bss.semaphore)
    taskOneInput                             0x10000b30   Data           4  projectmain.o(.bss.taskOneInput)
    taskOrder                                0x10000b34   Data          12  projectmain.o(.bss.taskOrder)
    taskTwoInputTASK                         0x10000b40   Data           6  task2.o(.bss.taskTwoInputTASK)
    threadMut_id                             0x10000b48   Data           4  threadtasks.o(.bss.threadMut_id)
    tid1_Thread                              0x10000b4c   Data           4  threadtasks.o(.bss.tid1_Thread)
    tid2_Thread                              0x10000b50   Data           4  threadtasks.o(.bss.tid2_Thread)
    tid3_Thread                              0x10000b54   Data           4  threadtasks.o(.bss.tid3_Thread)
    z                                        0x10000b58   Data           4  threadtasks.o(.bss.z)
    __initial_sp                             0x10000d60   Data           0  startup_lpc17xx.o(STACK)



==============================================================================

Memory Map of the image

  Image Entry point : 0x000000cd

  Load Region LR_IROM1 (Base: 0x00000000, Size: 0x00004a30, Max: 0x00080000, ABSOLUTE, COMPRESSED[0x000049a8])

    Execution Region ER_IROM1 (Exec base: 0x00000000, Load base: 0x00000000, Size: 0x000048d0, Max: 0x00080000, ABSOLUTE)

    Exec Addr    Load Addr    Size         Type   Attr      Idx    E Section Name        Object

    0x00000000   0x00000000   0x000000cc   Data   RO          420    RESET               startup_lpc17xx.o
    0x000000cc   0x000000cc   0x00000000   Code   RO         1669  * .ARM.Collect$$$$00000000  mc_w.l(entry.o)
    0x000000cc   0x000000cc   0x00000004   Code   RO         1977    .ARM.Collect$$$$00000001  mc_w.l(entry2.o)
    0x000000d0   0x000000d0   0x00000004   Code   RO         1980    .ARM.Collect$$$$00000004  mc_w.l(entry5.o)
    0x000000d4   0x000000d4   0x00000000   Code   RO         1982    .ARM.Collect$$$$00000008  mc_w.l(entry7b.o)
    0x000000d4   0x000000d4   0x00000000   Code   RO         1984    .ARM.Collect$$$$0000000A  mc_w.l(entry8b.o)
    0x000000d4   0x000000d4   0x00000000   Code   RO         1985    .ARM.Collect$$$$0000000D  mc_w.l(entry10a.o)
    0x000000d4   0x000000d4   0x00000000   Code   RO         1987    .ARM.Collect$$$$0000000F  mc_w.l(entry11a.o)
    0x000000d4   0x000000d4   0x0000001a   Code   RO          320    .ARM.Collect$$$$000000FF  rtx_conf_cm.o
    0x000000ee   0x000000ee   0x00000002   PAD
    0x000000f0   0x000000f0   0x00000004   Code   RO         1978    .ARM.Collect$$$$00002712  mc_w.l(entry2.o)
    0x000000f4   0x000000f4   0x00000130   Code   RO         1641    .emb_text           RTX_CM3.lib(hal_cm3.o)
    0x00000224   0x00000224   0x00000024   Code   RO          422    .text               startup_lpc17xx.o
    0x00000248   0x00000248   0x00000062   Code   RO         1688    .text               mc_w.l(uldiv.o)
    0x000002aa   0x000002aa   0x00000022   Code   RO         1957    .text               mf_w.l(dflti.o)
    0x000002cc   0x000002cc   0x0000002c   Code   RO         1998    .text               mc_w.l(uidiv.o)
    0x000002f8   0x000002f8   0x00000000   Code   RO         2013    .text               mc_w.l(iusefp.o)
    0x000002f8   0x000002f8   0x00000002   Code   RO          308    .text.os_error      rtx_conf_cm.o
    0x000002fa   0x000002fa   0x00000002   Code   RO         2033    i.__scatterload_null  mc_w.l(handlers.o)
    0x000002fc   0x000002fc   0x00000004   Code   RO          421    .ARM.__at_0x02FC    startup_lpc17xx.o
    0x00000300   0x00000300   0x0000014e   Code   RO         1951    .text               mf_w.l(dadd.o)
    0x0000044e   0x0000044e   0x000000e4   Code   RO         1953    .text               mf_w.l(dmul.o)
    0x00000532   0x00000532   0x000000de   Code   RO         1955    .text               mf_w.l(ddiv.o)
    0x00000610   0x00000610   0x0000001e   Code   RO         2000    .text               mc_w.l(llshl.o)
    0x0000062e   0x0000062e   0x00000020   Code   RO         2002    .text               mc_w.l(llushr.o)
    0x0000064e   0x0000064e   0x00000024   Code   RO         2004    .text               mc_w.l(llsshr.o)
    0x00000672   0x00000672   0x000000ba   Code   RO         2014    .text               mf_w.l(depilogue.o)
    0x0000072c   0x0000072c   0x0000002e   Code   RO         2016    .text               mf_w.l(dscalb.o)
    0x0000075a   0x0000075a   0x000000a2   Code   RO         2018    .text               mf_w.l(dsqrt.o)
    0x000007fc   0x000007fc   0x0000003e   Code   RO         2020    .text               mf_w.l(dfixi.o)
    0x0000083a   0x0000083a   0x00000030   Code   RO         2022    .text               mf_w.l(dfixul.o)
    0x0000086a   0x0000086a   0x00000002   PAD
    0x0000086c   0x0000086c   0x00000030   Code   RO         2024    .text               mf_w.l(cdcmple.o)
    0x0000089c   0x0000089c   0x00000030   Code   RO         2026    .text               mf_w.l(cdrcmple.o)
    0x000008cc   0x000008cc   0x00000024   Code   RO         2028    .text               mc_w.l(init.o)
    0x000008f0   0x000008f0   0x00000056   Code   RO         2038    .text               mc_w.l(__dczerorl2.o)
    0x00000946   0x00000946   0x00000002   PAD
    0x00000948   0x00000948   0x0000002e   Code   RO          259    .text.ADC_IRQHandler  adc_mcb1700.o
    0x00000976   0x00000976   0x00000002   PAD
    0x00000978   0x00000978   0x0000004a   Code   RO          243    .text.ADC_Initialize  adc_mcb1700.o
    0x000009c2   0x000009c2   0x00000002   PAD
    0x000009c4   0x000009c4   0x00000014   Code   RO          391    .text.GPIO_PinRead  gpio_lpc17xx.o
    0x000009d8   0x000009d8   0x0000001c   Code   RO          389    .text.GPIO_PinWrite  gpio_lpc17xx.o
    0x000009f4   0x000009f4   0x0000001a   Code   RO          385    .text.GPIO_PortClock  gpio_lpc17xx.o
    0x00000a0e   0x00000a0e   0x00000002   PAD
    0x00000a10   0x00000a10   0x00000022   Code   RO          387    .text.GPIO_SetDir   gpio_lpc17xx.o
    0x00000a32   0x00000a32   0x00000002   PAD
    0x00000a34   0x00000a34   0x00000074   Code   RO          200    .text.Init_task3JoinThreads  threadtasks.o
    0x00000aa8   0x00000aa8   0x0000005c   Code   RO          274    .text.Joystick_GetState  joystick_mcb1700.o
    0x00000b04   0x00000b04   0x0000004e   Code   RO          270    .text.Joystick_Initialize  joystick_mcb1700.o
    0x00000b52   0x00000b52   0x00000002   PAD
    0x00000b54   0x00000b54   0x00000058   Code   RO          285    .text.LED_Initialize  led_mcb1700.o
    0x00000bac   0x00000bac   0x0000002a   Code   RO          192    .text.MutThreads    threadtasks.o
    0x00000bd6   0x00000bd6   0x00000002   PAD
    0x00000bd8   0x00000bd8   0x00000074   Code   RO          405    .text.PIN_Configure  pin_lpc17xx.o
    0x00000c4c   0x00000c4c   0x0000000e   Code   RO          196    .text.RSemThreads   threadtasks.o
    0x00000c5a   0x00000c5a   0x00000002   PAD
    0x00000c5c   0x00000c5c   0x00000028   Code   RO          194    .text.SemThreads    threadtasks.o
    0x00000c84   0x00000c84   0x00000024   Code   RO           56    .text.SysTick_Config  projectmain.o
    0x00000ca8   0x00000ca8   0x000000f8   Code   RO          431    .text.SystemCoreClockUpdate  system_lpc17xx.o
    0x00000da0   0x00000da0   0x000000cc   Code   RO          433    .text.SystemInit    system_lpc17xx.o
    0x00000e6c   0x00000e6c   0x00000010   Code   RO          184    .text.Thread1       threadtasks.o
    0x00000e7c   0x00000e7c   0x000000bc   Code   RO          186    .text.Thread2       threadtasks.o
    0x00000f38   0x00000f38   0x000000ac   Code   RO          188    .text.Thread3       threadtasks.o
    0x00000fe4   0x00000fe4   0x00000010   Code   RO          245    .text.__NVIC_EnableIRQ  adc_mcb1700.o
    0x00000ff4   0x00000ff4   0x0000000e   Code   RO           58    .text.__NVIC_SetPriority  projectmain.o
    0x00001002   0x00001002   0x00000002   PAD
    0x00001004   0x00001004   0x00000072   Code   RO          153    .text.allCalc       task3.o
    0x00001076   0x00001076   0x00000002   PAD
    0x00001078   0x00001078   0x00000040   Code   RO           16    .text.delay         projectmain.o
    0x000010b8   0x000010b8   0x000000c4   Code   RO          155    .text.escapeVelAndMass  task3.o
    0x0000117c   0x0000117c   0x00000022   Code   RO           14    .text.fputc         projectmain.o
    0x0000119e   0x0000119e   0x00000002   PAD
    0x000011a0   0x000011a0   0x0000010e   Code   RO           24    .text.hexAssoc      projectmain.o
    0x000012ae   0x000012ae   0x00000002   PAD
    0x000012b0   0x000012b0   0x00000074   Code   RO          135    .text.hexColorConvRUN  task2.o
    0x00001324   0x00001324   0x000000b8   Code   RO           42    .text.ifWhileVarGrab  projectmain.o
    0x000013dc   0x000013dc   0x000001a0   Code   RO          170    .text.joystickGetPos  joystickfiles.o
    0x0000157c   0x0000157c   0x0000025c   Code   RO           54    .text.main          projectmain.o
    0x000017d8   0x000017d8   0x00000050   Code   RO           52    .text.mutexSemOrResSEM  projectmain.o
    0x00001828   0x00001828   0x00000002   Code   RO          306    .text.os_idle_demon  rtx_conf_cm.o
    0x0000182a   0x0000182a   0x00000002   PAD
    0x0000182c   0x0000182c   0x00000008   Code   RO           44    .text.passVarsToTask1  projectmain.o
    0x00001834   0x00001834   0x00000008   Code   RO           46    .text.passVarsToTask2  projectmain.o
    0x0000183c   0x0000183c   0x00000008   Code   RO           48    .text.passVarsToTask3  projectmain.o
    0x00001844   0x00001844   0x0000002c   Code   RO           50    .text.passVarsToTasks  projectmain.o
    0x00001870   0x00001870   0x00000046   Code   RO           26    .text.planetAssoc   projectmain.o
    0x000018b6   0x000018b6   0x00000002   PAD
    0x000018b8   0x000018b8   0x000002e4   Code   RO          151    .text.planetChoose  task3.o
    0x00001b9c   0x00001b9c   0x00000150   Code   RO           22    .text.printJALL     projectmain.o
    0x00001cec   0x00001cec   0x0000003c   Code   RO          198    .text.priorInvCHOICE  threadtasks.o
    0x00001d28   0x00001d28   0x0000000c   Code   RO          103    .text.recVarsToTask1  task1.o
    0x00001d34   0x00001d34   0x00000030   Code   RO          129    .text.recVarsToTask2  task2.o
    0x00001d64   0x00001d64   0x0000000c   Code   RO          149    .text.recVarsToTask3  task3.o
    0x00001d70   0x00001d70   0x00000002   Code   RO          312    .text.rt_chk_robin  rtx_conf_cm.o
    0x00001d72   0x00001d72   0x00000002   PAD
    0x00001d74   0x00001d74   0x00000002   Code   RO          310    .text.rt_init_robin  rtx_conf_cm.o
    0x00001d76   0x00001d76   0x00000002   PAD
    0x00001d78   0x00001d78   0x00000024   Code   RO           36    .text.scanTask1     projectmain.o
    0x00001d9c   0x00001d9c   0x0000001e   Code   RO           38    .text.scanTask2     projectmain.o
    0x00001dba   0x00001dba   0x00000002   PAD
    0x00001dbc   0x00001dbc   0x00000050   Code   RO           40    .text.scanTask3     projectmain.o
    0x00001e0c   0x00001e0c   0x000000a4   Code   RO          190    .text.threadPrioritySet  threadtasks.o
    0x00001eb0   0x00001eb0   0x00000004   Code   RO         1651    SVC_TABLE           RTX_CM3.lib(svc_table.o)
    0x00001eb4   0x00001eb4   0x00000020   Code   RO         1923    i.__0printf         mc_w.l(printfa.o)
    0x00001ed4   0x00001ed4   0x00000028   Code   RO         1973    i.__ARM_fpclassify  m_ws.l(fpclassify.o)
    0x00001efc   0x00001efc   0x000000aa   Code   RO         1975    i.__kernel_poly     m_ws.l(poly.o)
    0x00001fa6   0x00001fa6   0x00000006   Code   RO         1960    i.__mathlib_dbl_infnan  m_ws.l(dunder.o)
    0x00001fac   0x00001fac   0x0000000e   Code   RO         1963    i.__mathlib_dbl_overflow  m_ws.l(dunder.o)
    0x00001fba   0x00001fba   0x00000002   PAD
    0x00001fbc   0x00001fbc   0x00000010   Code   RO         1965    i.__mathlib_dbl_underflow  m_ws.l(dunder.o)
    0x00001fcc   0x00001fcc   0x0000000e   Code   RO         2032    i.__scatterload_copy  mc_w.l(handlers.o)
    0x00001fda   0x00001fda   0x0000000e   Code   RO         2034    i.__scatterload_zeroinit  mc_w.l(handlers.o)
    0x00001fe8   0x00001fe8   0x0000000c   Code   RO         2008    i.__set_errno       mc_w.l(errno.o)
    0x00001ff4   0x00001ff4   0x00000184   Code   RO         1930    i._fp_digits        mc_w.l(printfa.o)
    0x00002178   0x00002178   0x00000046   Code   RO         1519    i._init_box         RTX_CM3.lib(rt_membox.o)
    0x000021be   0x000021be   0x00000002   PAD
    0x000021c0   0x000021c0   0x000006dc   Code   RO         1931    i._printf_core      mc_w.l(printfa.o)
    0x0000289c   0x0000289c   0x00000024   Code   RO         1932    i._printf_post_padding  mc_w.l(printfa.o)
    0x000028c0   0x000028c0   0x0000002e   Code   RO         1933    i._printf_pre_padding  mc_w.l(printfa.o)
    0x000028ee   0x000028ee   0x00000002   PAD
    0x000028f0   0x000028f0   0x00000030   Code   RO         1572    i.dbg_init          RTX_CM3.lib(hal_cm.o)
    0x00002920   0x00002920   0x00000020   Code   RO         1573    i.dbg_task_notify   RTX_CM3.lib(hal_cm.o)
    0x00002940   0x00002940   0x00000010   Code   RO         1574    i.dbg_task_switch   RTX_CM3.lib(hal_cm.o)
    0x00002950   0x00002950   0x00000284   Code   RO         1655    i.exp               m_ws.l(exp.o)
    0x00002bd4   0x00002bd4   0x0000002a   Code   RO          445    i.isrMessageGet     RTX_CM3.lib(rt_cmsis.o)
    0x00002bfe   0x00002bfe   0x0000002c   Code   RO          446    i.isrMessagePut     RTX_CM3.lib(rt_cmsis.o)
    0x00002c2a   0x00002c2a   0x00000028   Code   RO          447    i.isrSemaphoreRelease  RTX_CM3.lib(rt_cmsis.o)
    0x00002c52   0x00002c52   0x00000002   PAD
    0x00002c54   0x00002c54   0x00000056   Code   RO         1365    i.isr_mbx_receive   RTX_CM3.lib(rt_mailbox.o)
    0x00002caa   0x00002caa   0x0000000e   Code   RO         1366    i.isr_mbx_send      RTX_CM3.lib(rt_mailbox.o)
    0x00002cb8   0x00002cb8   0x00000010   Code   RO         1413    i.isr_sem_send      RTX_CM3.lib(rt_semaphore.o)
    0x00002cc8   0x00002cc8   0x00000018   Code   RO          449    i.osDelay           RTX_CM3.lib(rt_cmsis.o)
    0x00002ce0   0x00002ce0   0x00000024   Code   RO          450    i.osKernelInitialize  RTX_CM3.lib(rt_cmsis.o)
    0x00002d04   0x00002d04   0x0000006c   Code   RO          452    i.osKernelStart     RTX_CM3.lib(rt_cmsis.o)
    0x00002d70   0x00002d70   0x00000018   Code   RO          461    i.osMessageGet      RTX_CM3.lib(rt_cmsis.o)
    0x00002d88   0x00002d88   0x0000002c   Code   RO          463    i.osMutexCreate     RTX_CM3.lib(rt_cmsis.o)
    0x00002db4   0x00002db4   0x00000018   Code   RO          465    i.osMutexRelease    RTX_CM3.lib(rt_cmsis.o)
    0x00002dcc   0x00002dcc   0x00000018   Code   RO          466    i.osMutexWait       RTX_CM3.lib(rt_cmsis.o)
    0x00002de4   0x00002de4   0x0000002c   Code   RO          471    i.osSemaphoreCreate  RTX_CM3.lib(rt_cmsis.o)
    0x00002e10   0x00002e10   0x00000018   Code   RO          473    i.osSemaphoreRelease  RTX_CM3.lib(rt_cmsis.o)
    0x00002e28   0x00002e28   0x00000018   Code   RO          474    i.osSemaphoreWait   RTX_CM3.lib(rt_cmsis.o)
    0x00002e40   0x00002e40   0x0000002c   Code   RO          478    i.osThreadCreate    RTX_CM3.lib(rt_cmsis.o)
    0x00002e6c   0x00002e6c   0x00000018   Code   RO          479    i.osThreadExit      RTX_CM3.lib(rt_cmsis.o)
    0x00002e84   0x00002e84   0x0000000c   Code   RO          485    i.osTimerCall       RTX_CM3.lib(rt_cmsis.o)
    0x00002e90   0x00002e90   0x0000002c   Code   RO          490    i.osTimerThread     RTX_CM3.lib(rt_cmsis.o)
    0x00002ebc   0x00002ebc   0x00000028   Code   RO         1153    i.os_tick_init      RTX_CM3.lib(rt_system.o)
    0x00002ee4   0x00002ee4   0x00000002   Code   RO         1154    i.os_tick_irqack    RTX_CM3.lib(rt_system.o)
    0x00002ee6   0x00002ee6   0x00000002   PAD
    0x00002ee8   0x00002ee8   0x0000000c   Code   RO         1678    i.putchar           mc_w.l(putchar.o)
    0x00002ef4   0x00002ef4   0x00000024   Code   RO         1674    i.puts              mc_w.l(puts.o)
    0x00002f18   0x00002f18   0x0000001a   Code   RO         1520    i.rt_alloc_box      RTX_CM3.lib(rt_membox.o)
    0x00002f32   0x00002f32   0x0000003e   Code   RO         1548    i.rt_alloc_mem      RTX_CM3.lib(rt_memory.o)
    0x00002f70   0x00002f70   0x00000038   Code   RO         1068    i.rt_block          RTX_CM3.lib(rt_task.o)
    0x00002fa8   0x00002fa8   0x00000070   Code   RO         1289    i.rt_dec_dly        RTX_CM3.lib(rt_list.o)
    0x00003018   0x00003018   0x00000044   Code   RO         1069    i.rt_dispatch       RTX_CM3.lib(rt_task.o)
    0x0000305c   0x0000305c   0x00000006   Code   RO         1455    i.rt_dly_wait       RTX_CM3.lib(rt_time.o)
    0x00003062   0x00003062   0x00000002   PAD
    0x00003064   0x00003064   0x00000050   Code   RO         1246    i.rt_evt_psh        RTX_CM3.lib(rt_event.o)
    0x000030b4   0x000030b4   0x0000002c   Code   RO         1521    i.rt_free_box       RTX_CM3.lib(rt_membox.o)
    0x000030e0   0x000030e0   0x00000028   Code   RO         1549    i.rt_free_mem       RTX_CM3.lib(rt_memory.o)
    0x00003108   0x00003108   0x00000028   Code   RO         1290    i.rt_get_first      RTX_CM3.lib(rt_list.o)
    0x00003130   0x00003130   0x00000008   Code   RO          495    i.rt_id2obj         RTX_CM3.lib(rt_cmsis.o)
    0x00003138   0x00003138   0x00000048   Code   RO         1070    i.rt_init_context   RTX_CM3.lib(rt_task.o)
    0x00003180   0x00003180   0x0000001a   Code   RO         1550    i.rt_init_mem       RTX_CM3.lib(rt_memory.o)
    0x0000319a   0x0000319a   0x00000002   PAD
    0x0000319c   0x0000319c   0x00000080   Code   RO         1575    i.rt_init_stack     RTX_CM3.lib(hal_cm.o)
    0x0000321c   0x0000321c   0x00000008   Code   RO         1367    i.rt_mbx_check      RTX_CM3.lib(rt_mailbox.o)
    0x00003224   0x00003224   0x0000001a   Code   RO         1368    i.rt_mbx_init       RTX_CM3.lib(rt_mailbox.o)
    0x0000323e   0x0000323e   0x00000002   PAD
    0x00003240   0x00003240   0x000000f0   Code   RO         1369    i.rt_mbx_psh        RTX_CM3.lib(rt_mailbox.o)
    0x00003330   0x00003330   0x000000b4   Code   RO         1371    i.rt_mbx_wait       RTX_CM3.lib(rt_mailbox.o)
    0x000033e4   0x000033e4   0x00000044   Code   RO          496    i.rt_ms2tick        RTX_CM3.lib(rt_cmsis.o)
    0x00003428   0x00003428   0x00000010   Code   RO         1489    i.rt_mut_init       RTX_CM3.lib(rt_mutex.o)
    0x00003438   0x00003438   0x000000d8   Code   RO         1490    i.rt_mut_release    RTX_CM3.lib(rt_mutex.o)
    0x00003510   0x00003510   0x00000078   Code   RO         1491    i.rt_mut_wait       RTX_CM3.lib(rt_mutex.o)
    0x00003588   0x00003588   0x0000007c   Code   RO         1157    i.rt_pop_req        RTX_CM3.lib(rt_system.o)
    0x00003604   0x00003604   0x00000020   Code   RO         1158    i.rt_psh_req        RTX_CM3.lib(rt_system.o)
    0x00003624   0x00003624   0x0000005c   Code   RO         1292    i.rt_psq_enq        RTX_CM3.lib(rt_list.o)
    0x00003680   0x00003680   0x00000048   Code   RO         1293    i.rt_put_dly        RTX_CM3.lib(rt_list.o)
    0x000036c8   0x000036c8   0x00000036   Code   RO         1294    i.rt_put_prio       RTX_CM3.lib(rt_list.o)
    0x000036fe   0x000036fe   0x00000002   PAD
    0x00003700   0x00003700   0x00000014   Code   RO         1295    i.rt_put_rdy_first  RTX_CM3.lib(rt_list.o)
    0x00003714   0x00003714   0x00000034   Code   RO         1296    i.rt_resort_prio    RTX_CM3.lib(rt_list.o)
    0x00003748   0x00003748   0x00000006   Code   RO         1576    i.rt_ret_val        RTX_CM3.lib(hal_cm.o)
    0x0000374e   0x0000374e   0x00000008   Code   RO         1577    i.rt_ret_val2       RTX_CM3.lib(hal_cm.o)
    0x00003756   0x00003756   0x00000028   Code   RO         1297    i.rt_rmv_dly        RTX_CM3.lib(rt_list.o)
    0x0000377e   0x0000377e   0x00000002   PAD
    0x00003780   0x00003780   0x00000030   Code   RO         1298    i.rt_rmv_list       RTX_CM3.lib(rt_list.o)
    0x000037b0   0x000037b0   0x0000000c   Code   RO         1415    i.rt_sem_init       RTX_CM3.lib(rt_semaphore.o)
    0x000037bc   0x000037bc   0x00000034   Code   RO         1416    i.rt_sem_psh        RTX_CM3.lib(rt_semaphore.o)
    0x000037f0   0x000037f0   0x0000002a   Code   RO         1417    i.rt_sem_send       RTX_CM3.lib(rt_semaphore.o)
    0x0000381a   0x0000381a   0x00000002   PAD
    0x0000381c   0x0000381c   0x00000040   Code   RO         1418    i.rt_sem_wait       RTX_CM3.lib(rt_semaphore.o)
    0x0000385c   0x0000385c   0x00000024   Code   RO         1160    i.rt_stk_check      RTX_CM3.lib(rt_system.o)
    0x00003880   0x00003880   0x00000028   Code   RO         1071    i.rt_switch_req     RTX_CM3.lib(rt_task.o)
    0x000038a8   0x000038a8   0x000000cc   Code   RO         1072    i.rt_sys_init       RTX_CM3.lib(rt_task.o)
    0x00003974   0x00003974   0x00000078   Code   RO         1073    i.rt_sys_start      RTX_CM3.lib(rt_task.o)
    0x000039ec   0x000039ec   0x00000040   Code   RO         1162    i.rt_systick        RTX_CM3.lib(rt_system.o)
    0x00003a2c   0x00003a2c   0x00000012   Code   RO          497    i.rt_tid2ptcb       RTX_CM3.lib(rt_cmsis.o)
    0x00003a3e   0x00003a3e   0x00000002   PAD
    0x00003a40   0x00003a40   0x00000034   Code   RO          498    i.rt_timer_insert   RTX_CM3.lib(rt_cmsis.o)
    0x00003a74   0x00003a74   0x00000088   Code   RO         1074    i.rt_tsk_create     RTX_CM3.lib(rt_task.o)
    0x00003afc   0x00003afc   0x0000017c   Code   RO         1075    i.rt_tsk_delete     RTX_CM3.lib(rt_task.o)
    0x00003c78   0x00003c78   0x0000007c   Code   RO         1077    i.rt_tsk_prio       RTX_CM3.lib(rt_task.o)
    0x00003cf4   0x00003cf4   0x00000010   Code   RO         1078    i.rt_tsk_self       RTX_CM3.lib(rt_task.o)
    0x00003d04   0x00003d04   0x0000004c   Code   RO         1666    i.sqrt              m_ws.l(sqrt.o)
    0x00003d50   0x00003d50   0x00000012   Code   RO          500    i.svcDelay          RTX_CM3.lib(rt_cmsis.o)
    0x00003d62   0x00003d62   0x00000002   PAD
    0x00003d64   0x00003d64   0x00000070   Code   RO          501    i.svcKernelInitialize  RTX_CM3.lib(rt_cmsis.o)
    0x00003dd4   0x00003dd4   0x00000048   Code   RO          503    i.svcKernelStart    RTX_CM3.lib(rt_cmsis.o)
    0x00003e1c   0x00003e1c   0x00000024   Code   RO          506    i.svcMessageCreate  RTX_CM3.lib(rt_cmsis.o)
    0x00003e40   0x00003e40   0x0000003a   Code   RO          507    i.svcMessageGet     RTX_CM3.lib(rt_cmsis.o)
    0x00003e7a   0x00003e7a   0x0000001c   Code   RO          509    i.svcMutexCreate    RTX_CM3.lib(rt_cmsis.o)
    0x00003e96   0x00003e96   0x00000022   Code   RO          511    i.svcMutexRelease   RTX_CM3.lib(rt_cmsis.o)
    0x00003eb8   0x00003eb8   0x0000003a   Code   RO          512    i.svcMutexWait      RTX_CM3.lib(rt_cmsis.o)
    0x00003ef2   0x00003ef2   0x00000024   Code   RO          514    i.svcSemaphoreCreate  RTX_CM3.lib(rt_cmsis.o)
    0x00003f16   0x00003f16   0x00000028   Code   RO          516    i.svcSemaphoreRelease  RTX_CM3.lib(rt_cmsis.o)
    0x00003f3e   0x00003f3e   0x00000032   Code   RO          517    i.svcSemaphoreWait  RTX_CM3.lib(rt_cmsis.o)
    0x00003f70   0x00003f70   0x0000006c   Code   RO          521    i.svcThreadCreate   RTX_CM3.lib(rt_cmsis.o)
    0x00003fdc   0x00003fdc   0x0000001c   Code   RO          522    i.svcThreadGetId    RTX_CM3.lib(rt_cmsis.o)
    0x00003ff8   0x00003ff8   0x00000038   Code   RO          525    i.svcThreadTerminate  RTX_CM3.lib(rt_cmsis.o)
    0x00004030   0x00004030   0x00000018   Code   RO          527    i.svcTimerCall      RTX_CM3.lib(rt_cmsis.o)
    0x00004048   0x00004048   0x0000005c   Code   RO          536    i.sysTimerTick      RTX_CM3.lib(rt_cmsis.o)
    0x000040a4   0x000040a4   0x00000004   PAD
    0x000040a8   0x000040a8   0x00000058   Data   RO         1656    .constdata          m_ws.l(exp.o)
    0x00004100   0x00004100   0x00000004   Data   RO          330    .rodata.CMSIS_RTOS_API_Version  rtx_conf_cm.o
    0x00004104   0x00004104   0x00000004   Data   RO          331    .rodata.CMSIS_RTOS_RTX_Version  rtx_conf_cm.o
    0x00004108   0x00004108   0x0000000a   Data   RO          276    .rodata.JOYSTICK_PIN  joystick_mcb1700.o
    0x00004112   0x00004112   0x00000010   Data   RO          297    .rodata.cst16       led_mcb1700.o
    0x00004122   0x00004122   0x00000002   PAD
    0x00004124   0x00004124   0x00000004   Data   RO          335    .rodata.mp_stk_size  rtx_conf_cm.o
    0x00004128   0x00004128   0x00000002   Data   RO          334    .rodata.mp_tcb_size  rtx_conf_cm.o
    0x0000412a   0x0000412a   0x00000002   Data   RO          343    .rodata.mp_tmr_size  rtx_conf_cm.o
    0x0000412c   0x0000412c   0x00000004   Data   RO          332    .rodata.os_clockrate  rtx_conf_cm.o
    0x00004130   0x00004130   0x00000001   Data   RO          337    .rodata.os_fifo_size  rtx_conf_cm.o
    0x00004131   0x00004131   0x00000001   Data   RO          329    .rodata.os_flags    rtx_conf_cm.o
    0x00004132   0x00004132   0x00000002   Data   RO          322    .rodata.os_maxtaskrun  rtx_conf_cm.o
    0x00004134   0x00004134   0x00000008   Data   RO          340    .rodata.os_messageQ_def_osTimerMessageQ  rtx_conf_cm.o
    0x0000413c   0x0000413c   0x00000004   Data   RO          219    .rodata.os_mutex_def_threadMut  threadtasks.o
    0x00004140   0x00004140   0x00000004   Data   RO          224    .rodata.os_semaphore_def_semaphore  threadtasks.o
    0x00004144   0x00004144   0x00000004   Data   RO          336    .rodata.os_stack_sz  rtx_conf_cm.o
    0x00004148   0x00004148   0x00000004   Data   RO          323    .rodata.os_stackinfo  rtx_conf_cm.o
    0x0000414c   0x0000414c   0x00000010   Data   RO          220    .rodata.os_thread_def_Thread1  threadtasks.o
    0x0000415c   0x0000415c   0x00000010   Data   RO          221    .rodata.os_thread_def_Thread2  threadtasks.o
    0x0000416c   0x0000416c   0x00000010   Data   RO          222    .rodata.os_thread_def_Thread3  threadtasks.o
    0x0000417c   0x0000417c   0x00000010   Data   RO          344    .rodata.os_thread_def_main  rtx_conf_cm.o
    0x0000418c   0x0000418c   0x00000010   Data   RO          338    .rodata.os_thread_def_osTimerThread  rtx_conf_cm.o
    0x0000419c   0x0000419c   0x00000004   Data   RO          333    .rodata.os_timernum  rtx_conf_cm.o
    0x000041a0   0x000041a0   0x00000004   Data   RO          328    .rodata.os_trv      rtx_conf_cm.o
    0x000041a4   0x000041a4   0x0000060d   Data   RO           75    .rodata.str1.1      projectmain.o
    0x000047b1   0x000047b1   0x00000046   Data   RO          161    .rodata.str1.1      task3.o
    0x000047f7   0x000047f7   0x000000a1   Data   RO          174    .rodata.str1.1      joystickfiles.o
    0x00004898   0x00004898   0x00000017   Data   RO          225    .rodata.str1.1      threadtasks.o
    0x000048af   0x000048af   0x00000001   PAD
    0x000048b0   0x000048b0   0x00000020   Data   RO         2031    Region$$Table       anon$$obj.o


    Execution Region RW_IRAM1 (Exec base: 0x10000000, Load base: 0x000048d0, Size: 0x00000d60, Max: 0x00008000, ABSOLUTE, COMPRESSED[0x000000d8])

    Exec Addr    Load Addr    Size         Type   Attr      Idx    E Section Name        Object

    0x10000000   COMPRESSED   0x00000008   Data   RW          539    .data               RTX_CM3.lib(rt_cmsis.o)
    0x10000008   COMPRESSED   0x00000008   Data   RW         1080    .data               RTX_CM3.lib(rt_task.o)
    0x10000010   COMPRESSED   0x00000008   Data   RW         1165    .data               RTX_CM3.lib(rt_system.o)
    0x10000018   COMPRESSED   0x00000004   Data   RW         1459    .data               RTX_CM3.lib(rt_time.o)
    0x1000001c   COMPRESSED   0x00000001   Data   RW         1578    .data               RTX_CM3.lib(hal_cm.o)
    0x1000001d   COMPRESSED   0x00000003   PAD
    0x10000020   COMPRESSED   0x00000004   Data   RW         1686    .data               mc_w.l(stdout.o)
    0x10000024   COMPRESSED   0x00000004   Data   RW         2009    .data               mc_w.l(errno.o)
    0x10000028   COMPRESSED   0x00000004   Data   RW          435    .data.SystemCoreClock  system_lpc17xx.o
    0x1000002c   COMPRESSED   0x00000070   Data   RW           63    .data.colorHex      projectmain.o
    0x1000009c   COMPRESSED   0x00000080   Data   RW           62    .data.colorName     projectmain.o
    0x1000011c   COMPRESSED   0x00000040   Data   RW           61    .data.planet        projectmain.o
    0x1000015c   COMPRESSED   0x00000004   PAD
    0x10000160        -       0x00000034   Zero   RW         1079    .bss                RTX_CM3.lib(rt_task.o)
    0x10000194        -       0x00000030   Zero   RW         1299    .bss                RTX_CM3.lib(rt_list.o)
    0x100001c4        -       0x00000001   Zero   RW          261    .bss.AD_done        adc_mcb1700.o
    0x100001c5   COMPRESSED   0x00000001   PAD
    0x100001c6        -       0x00000002   Zero   RW          262    .bss.AD_last        adc_mcb1700.o
    0x100001c8        -       0x0000000c   Zero   RW          214    .bss.boolMUT        threadtasks.o
    0x100001d4        -       0x0000000c   Zero   RW          217    .bss.doneTask       threadtasks.o
    0x100001e0        -       0x00000006   Zero   RW           76    .bss.hexCode        projectmain.o
    0x100001e6        -       0x00000006   Zero   RW          140    .bss.hexCodeTask    task2.o
    0x100001ec        -       0x00000006   Zero   RW          139    .bss.hexColorTask   task2.o
    0x100001f2   COMPRESSED   0x00000002   PAD
    0x100001f4        -       0x00000004   Zero   RW           80    .bss.mSRSVar        projectmain.o
    0x100001f8        -       0x00000004   Zero   RW          342    .bss.m_tmr          rtx_conf_cm.o
    0x100001fc   COMPRESSED   0x00000004   PAD
    0x10000200        -       0x000004c0   Zero   RW          346    .bss.mp_stk         rtx_conf_cm.o
    0x100006c0        -       0x00000178   Zero   RW          345    .bss.mp_tcb         rtx_conf_cm.o
    0x10000838        -       0x00000004   Zero   RW          112    .bss.n              task1.o
    0x1000083c        -       0x00000004   Zero   RW          351    .bss.osMessageQId_osTimerMessageQ  rtx_conf_cm.o
    0x10000840        -       0x00000004   Zero   RW          350    .bss.osThreadId_osTimerThread  rtx_conf_cm.o
    0x10000844        -       0x0000001c   Zero   RW          349    .bss.os_active_TCB  rtx_conf_cm.o
    0x10000860        -       0x00000084   Zero   RW          348    .bss.os_fifo        rtx_conf_cm.o
    0x100008e4        -       0x00000020   Zero   RW          339    .bss.os_messageQ_q_osTimerMessageQ  rtx_conf_cm.o
    0x10000904        -       0x00000010   Zero   RW          218    .bss.os_mutex_cb_threadMut  threadtasks.o
    0x10000914        -       0x00000008   Zero   RW          223    .bss.os_semaphore_cb_semaphore  threadtasks.o
    0x1000091c   COMPRESSED   0x00000004   PAD
    0x10000920        -       0x000001b0   Zero   RW          347    .bss.os_stack_mem   rtx_conf_cm.o
    0x10000ad0        -       0x00000018   Zero   RW          160    .bss.output         task3.o
    0x10000ae8        -       0x00000001   Zero   RW          157    .bss.planetChosen   task3.o
    0x10000ae9   COMPRESSED   0x00000003   PAD
    0x10000aec        -       0x00000004   Zero   RW          158    .bss.planetNum      task3.o
    0x10000af0        -       0x00000004   Zero   RW           77    .bss.planetNumMain  projectmain.o
    0x10000af4   COMPRESSED   0x00000004   PAD
    0x10000af8        -       0x00000020   Zero   RW          159    .bss.planetVars     task3.o
    0x10000b18        -       0x00000004   Zero   RW           65    .bss.priorInvCH     projectmain.o
    0x10000b1c        -       0x00000004   Zero   RW          228    .bss.priorInvCHThread  threadtasks.o
    0x10000b20        -       0x00000004   Zero   RW          208    .bss.resSemToken    threadtasks.o
    0x10000b24        -       0x00000004   Zero   RW          216    .bss.resSemaphoreLive  threadtasks.o
    0x10000b28        -       0x00000004   Zero   RW          215    .bss.semaphorLive   threadtasks.o
    0x10000b2c        -       0x00000004   Zero   RW          227    .bss.semaphore      threadtasks.o
    0x10000b30        -       0x00000004   Zero   RW           78    .bss.taskOneInput   projectmain.o
    0x10000b34        -       0x0000000c   Zero   RW           79    .bss.taskOrder      projectmain.o
    0x10000b40        -       0x00000006   Zero   RW          137    .bss.taskTwoInputTASK  task2.o
    0x10000b46   COMPRESSED   0x00000002   PAD
    0x10000b48        -       0x00000004   Zero   RW          226    .bss.threadMut_id   threadtasks.o
    0x10000b4c        -       0x00000004   Zero   RW          229    .bss.tid1_Thread    threadtasks.o
    0x10000b50        -       0x00000004   Zero   RW          230    .bss.tid2_Thread    threadtasks.o
    0x10000b54        -       0x00000004   Zero   RW          231    .bss.tid3_Thread    threadtasks.o
    0x10000b58        -       0x00000004   Zero   RW          205    .bss.z              threadtasks.o
    0x10000b5c   COMPRESSED   0x00000004   PAD
    0x10000b60        -       0x00000200   Zero   RW          418    STACK               startup_lpc17xx.o


==============================================================================

Image component sizes


      Code (inc. data)   RO Data    RW Data    ZI Data      Debug   Object Name

       136          0          0          0          3       4799   adc_mcb1700.o
       108          0          0          0          0       4060   gpio_lpc17xx.o
       170          0         10          0          0       1604   joystick_mcb1700.o
       416        182        161          0          0        996   joystickfiles.o
        88          0         16          0          0       2208   led_mcb1700.o
       116          0          0          0          0       2556   pin_lpc17xx.o
      1906        388       1549        304         34      11817   projectmain.o
        34          0         80          0       2228       4659   rtx_conf_cm.o
        40         12        204          0        512       1096   startup_lpc17xx.o
       452          8          0          4          0       2168   system_lpc17xx.o
        12          0          0          0          4       1731   task1.o
       164         44          0          0         18       1443   task2.o
      1062        180         70          0         61       1319   task3.o
       812        100         79          0         88       4482   threadtasks.o

    ----------------------------------------------------------------------
      5550        914       2204        308       2976      44938   Object Totals
         0          0         32          0          0          0   (incl. Generated)
        34          0          3          0         28          0   (incl. Padding)

    ----------------------------------------------------------------------

      Code (inc. data)   RO Data    RW Data    ZI Data      Debug   Library Member Name

       238         24          0          1          0       3244   hal_cm.o
       304         36          0          0          0        756   hal_cm3.o
      1622        182          0          8          0      43073   rt_cmsis.o
        80          4          0          0          0        649   rt_event.o
       530         34          0          0         48       8157   rt_list.o
       554         10          0          0          0       3889   rt_mailbox.o
       140          0          0          0          0       1889   rt_membox.o
       128          0          0          0          0       2267   rt_memory.o
       352         14          0          0          0       2073   rt_mutex.o
       186         10          0          0          0       2862   rt_semaphore.o
       298         52          0          8          0       6139   rt_system.o
      1216        174          0          8         52       9537   rt_task.o
         6          0          0          4          0        636   rt_time.o
         4          4          0          0          0        196   svc_table.o
        36          6          0          0          0        204   dunder.o
       644         90         88          0          0        204   exp.o
        40          0          0          0          0         68   fpclassify.o
       170          0          0          0          0         96   poly.o
        76          0          0          0          0         84   sqrt.o
        86          0          0          0          0          0   __dczerorl2.o
         0          0          0          0          0          0   entry.o
         0          0          0          0          0          0   entry10a.o
         0          0          0          0          0          0   entry11a.o
         8          4          0          0          0          0   entry2.o
         4          0          0          0          0          0   entry5.o
         0          0          0          0          0          0   entry7b.o
         0          0          0          0          0          0   entry8b.o
        12          6          0          4          0         68   errno.o
        30          0          0          0          0          0   handlers.o
        36          8          0          0          0         68   init.o
         0          0          0          0          0          0   iusefp.o
        30          0          0          0          0         68   llshl.o
        36          0          0          0          0         68   llsshr.o
        32          0          0          0          0         68   llushr.o
      2258         90          0          0          0        452   printfa.o
        12          6          0          0          0         68   putchar.o
        36          6          0          0          0         80   puts.o
         0          0          0          4          0          0   stdout.o
        44          0          0          0          0         80   uidiv.o
        98          0          0          0          0         92   uldiv.o
        48          0          0          0          0         68   cdcmple.o
        48          0          0          0          0         68   cdrcmple.o
       334          0          0          0          0        148   dadd.o
       222          0          0          0          0        100   ddiv.o
       186          0          0          0          0        176   depilogue.o
        62          0          0          0          0         80   dfixi.o
        48          0          0          0          0         68   dfixul.o
        34          0          0          0          0         76   dflti.o
       228          0          0          0          0         96   dmul.o
        46          0          0          0          0         80   dscalb.o
       162          0          0          0          0        100   dsqrt.o

    ----------------------------------------------------------------------
     10798        764         88         40        100      88195   Library Totals
        34          4          0          3          0          0   (incl. Padding)

    ----------------------------------------------------------------------

      Code (inc. data)   RO Data    RW Data    ZI Data      Debug   Library Name

      5658        544          0         29        100      85367   RTX_CM3.lib
       966         96         88          0          0        656   m_ws.l
      2722        120          0          8          0       1112   mc_w.l
      1418          0          0          0          0       1060   mf_w.l

    ----------------------------------------------------------------------
     10798        764         88         40        100      88195   Library Totals

    ----------------------------------------------------------------------

==============================================================================


      Code (inc. data)   RO Data    RW Data    ZI Data      Debug   

     16348       1678       2292        348       3076     126989   Grand Totals
     16348       1678       2292        216       3076     126989   ELF Image Totals (compressed)
     16348       1678       2292        216          0          0   ROM Totals

==============================================================================

    Total RO  Size (Code + RO Data)                18640 (  18.20kB)
    Total RW  Size (RW Data + ZI Data)              3424 (   3.34kB)
    Total ROM Size (Code + RO Data + RW Data)      18856 (  18.41kB)

==============================================================================

